=================================================
--- Procesamiento iniciado: 2026-04-08 13:42:53 ---
=================================================
=================================================
--- Procesamiento iniciado: 2026-04-22 13:07:05 ---
=================================================
[2026-04-22 13:07:05] | Línea 47 | ERROR: Kilos no es un número válido: '---' | Contenido: '1047;Lugo;---;Entregado'
[2026-04-22 13:07:05] | Línea 48 | ERROR: Destino vacío | Contenido: '1048;;3181.22;Retrasado'
[2026-04-22 13:07:05] | Línea 63 | ERROR: Destino vacío | Contenido: '1063;;1563.85;En_Almacén'
[2026-04-22 13:07:05] | Línea 66 | ERROR: Destino vacío | Contenido: '1066;;955.7;Entregado'
[2026-04-22 13:07:05] | Línea 68 | ERROR: Destino vacío | Contenido: '1068;;4987.73;Retrasado'
[2026-04-22 13:07:05] | Línea 74 | ERROR: Destino vacío | Contenido: '1074;;1019.81;Cancelado'
[2026-04-22 13:07:05] | Línea 81 | ERROR: ID de envío vacío | Contenido: ';;685.89;Pendiente'
[2026-04-22 13:07:05] | Línea 108 | ERROR: Número incorrecto de campos. Se esperaban5campos separados por ';'. | Contenido: '1108;Mérida;4139.87;Devuelto;EXTRA_CAMPO'
[2026-04-22 13:07:05] | Línea 117 | ERROR: Kilos no es un número válido: 'ERROR_PESO' | Contenido: '1117;Toledo;ERROR_PESO;Devuelto'
[2026-04-22 13:07:05] | Línea 125 | ERROR: Destino vacío | Contenido: '1125;;2035.38;Retrasado'
[2026-04-22 13:07:05] | Línea 143 | ERROR: Kilos no es un número válido: 'ERROR_PESO' | Contenido: '1143;Valencia;ERROR_PESO;En_Almacén'
[2026-04-22 13:07:05] | Línea 165 | ERROR: ID de envío vacío | Contenido: ';;55.91;Entregado'
[2026-04-22 13:07:05] | Línea 213 | ERROR: Número incorrecto de campos. Se esperaban5campos separados por ';'. | Contenido: '1213;Huelva;3665.23;En_Almacén;EXTRA_CAMPO'
[2026-04-22 13:07:05] | Línea 217 | ERROR: Kilos no es un número válido: '??' | Contenido: '1217;Toledo;??;Entregado'
[2026-04-22 13:07:05] | Línea 225 | ERROR: Kilos debe ser un número positivo mayor que cero | Contenido: '1225;Oviedo;-2227.97;Entregado'
[2026-04-22 13:07:05] | Línea 228 | ERROR: Número incorrecto de campos. Se esperaban5campos separados por ';'. | Contenido: '1228;Valencia;3939.71;En_Almacén;EXTRA_CAMPO'
[2026-04-22 13:07:05] | Línea 242 | ERROR: Kilos no es un número válido: '---' | Contenido: '1242;Las_Palmas;---;Cancelado'
[2026-04-22 13:07:05] | Línea 256 | ERROR: Kilos debe ser un número positivo mayor que cero | Contenido: '1256;Burgos;-3768.46;Retrasado'
[2026-04-22 13:07:05] | Línea 266 | ERROR: ID de envío vacío | Contenido: ';;274.18;Devuelto'
[2026-04-22 13:07:05] | Línea 270 | ERROR: Kilos no es un número válido: 'SENSOR_FAIL' | Contenido: '1270;Burgos;SENSOR_FAIL;Devuelto'
[2026-04-22 13:07:05] | Línea 271 | ERROR: Kilos no es un número válido: '??' | Contenido: '1271;Córdoba;??;Devuelto'
[2026-04-22 13:07:05] | Línea 278 | ERROR: Kilos no es un número válido: '---' | Contenido: '1278;Zaragoza;---;Devuelto'
[2026-04-22 13:07:05] | Línea 280 | ERROR: Kilos no es un número válido: 'null' | Contenido: '1280;Vitoria;null;En_Ruta'
[2026-04-22 13:07:05] | Línea 289 | ERROR: Kilos no es un número válido: 'SENSOR_FAIL' | Contenido: '1289;Segovia;SENSOR_FAIL;Pendiente'
[2026-04-22 13:07:05] | Línea 307 | ERROR: Destino vacío | Contenido: '1307;;1739.94;Cancelado'
[2026-04-22 13:07:05] | Línea 337 | ERROR: Destino vacío | Contenido: '1337;;622.97;Pendiente'
[2026-04-22 13:07:05] | Línea 341 | ERROR: Destino vacío | Contenido: '1341;;3538.35;Devuelto'
[2026-04-22 13:07:05] | Línea 346 | ERROR: Destino vacío | Contenido: '1346;;2744.79;En_Ruta'
[2026-04-22 13:07:05] | Línea 413 | ERROR: Kilos no es un número válido: 'N/A' | Contenido: '1413;Barcelona;N/A;Entregado'
[2026-04-22 13:07:05] | Línea 416 | ERROR: Número incorrecto de campos. Se esperaban5campos separados por ';'. | Contenido: '1416;Terrassa;4854.97;Devuelto;EXTRA_CAMPO'
[2026-04-22 13:07:05] | Línea 417 | ERROR: ID de envío vacío | Contenido: ';;2461.91;En_Ruta'
[2026-04-22 13:07:05] | Línea 425 | ERROR: Kilos debe ser un número positivo mayor que cero | Contenido: '1425;Santa_Cruz;-4227.74;Retrasado'
[2026-04-22 13:07:05] | Línea 426 | ERROR: Destino vacío | Contenido: '1426;;761.62;Devuelto'
[2026-04-22 13:07:05] | Línea 442 | ERROR: Destino vacío | Contenido: '1442;;1695.15;Devuelto'
[2026-04-22 13:07:05] | Línea 448 | ERROR: Destino vacío | Contenido: '1448;;1727.58;En_Almacén'
[2026-04-22 13:07:05] | Línea 463 | ERROR: Kilos no es un número válido: 'OVERFLOW' | Contenido: '1463;Valladolid;OVERFLOW;Entregado'
[2026-04-22 13:07:05] | Línea 481 | ERROR: Kilos no es un número válido: '---' | Contenido: '1481;Santander;---;Devuelto'
[2026-04-22 13:07:05] | Línea 503 | ERROR: ID de envío vacío | Contenido: ';;2930.91;Devuelto'
[2026-04-22 13:07:05] | Línea 524 | ERROR: ID de envío vacío | Contenido: ';;2727.75;Cancelado'
[2026-04-22 13:07:05] | Línea 529 | ERROR: Kilos no es un número válido: 'OVERFLOW' | Contenido: '1529;Almería;OVERFLOW;Entregado'
[2026-04-22 13:07:05] | Línea 532 | ERROR: Kilos no es un número válido: 'ERROR_PESO' | Contenido: '1532;Ávila;ERROR_PESO;Entregado'
[2026-04-22 13:07:05] | Línea 536 | ERROR: Kilos debe ser un número positivo mayor que cero | Contenido: '1536;Oviedo;-4386.46;En_Almacén'
[2026-04-22 13:07:05] | Línea 540 | ERROR: Kilos no es un número válido: '---' | Contenido: '1540;Santander;---;En_Almacén'
[2026-04-22 13:07:05] | Línea 541 | ERROR: ID de envío vacío | Contenido: ';;130.83;Retrasado'
[2026-04-22 13:07:05] | Línea 550 | ERROR: Destino vacío | Contenido: '1550;;1913.45;En_Almacén'
[2026-04-22 13:07:05] | Línea 565 | ERROR: Destino vacío | Contenido: '1565;;360.83;Pendiente'
[2026-04-22 13:07:05] | Línea 575 | ERROR: Destino vacío | Contenido: '1575;;3894.12;En_Almacén'
[2026-04-22 13:07:05] | Línea 585 | ERROR: Kilos no es un número válido: 'N/A' | Contenido: '1585;Santander;N/A;Retrasado'
[2026-04-22 13:07:05] | Línea 618 | ERROR: Kilos debe ser un número positivo mayor que cero | Contenido: '1618;Alicante;-3535.02;Entregado'
[2026-04-22 13:07:05] | Línea 621 | ERROR: ID de envío vacío | Contenido: ';;319.52;Entregado'
[2026-04-22 13:07:05] | Línea 622 | ERROR: Kilos no es un número válido: '---' | Contenido: '1622;Jerez;---;En_Ruta'
[2026-04-22 13:07:05] | Línea 626 | ERROR: Kilos no es un número válido: 'ERROR_PESO' | Contenido: '1626;Hospitalet;ERROR_PESO;Retrasado'
[2026-04-22 13:07:05] | Línea 629 | ERROR: Kilos no es un número válido: 'ERROR_PESO' | Contenido: '1629;Ávila;ERROR_PESO;En_Ruta'
[2026-04-22 13:07:05] | Línea 639 | ERROR: Destino vacío | Contenido: '1639;;3873.34;Devuelto'
[2026-04-22 13:07:05] | Línea 645 | ERROR: Kilos debe ser un número positivo mayor que cero | Contenido: '1645;Sabadell;-1832.02;Cancelado'
[2026-04-22 13:07:05] | Línea 669 | ERROR: Destino vacío | Contenido: '1669;;1551.1;Cancelado'
[2026-04-22 13:07:05] | Línea 693 | ERROR: Kilos no es un número válido: 'OVERFLOW' | Contenido: '1693;Madrid;OVERFLOW;Devuelto'
[2026-04-22 13:07:05] | Línea 724 | ERROR: Número incorrecto de campos. Se esperaban5campos separados por ';'. | Contenido: '1724;Cádiz;3533.1;Cancelado;EXTRA_CAMPO'
[2026-04-22 13:07:05] | Línea 741 | ERROR: Destino vacío | Contenido: '1741;;4247.09;Devuelto'
[2026-04-22 13:07:05] | Línea 749 | ERROR: Kilos no es un número válido: 'SENSOR_FAIL' | Contenido: '1749;Alicante;SENSOR_FAIL;Entregado'
[2026-04-22 13:07:05] | Línea 761 | ERROR: Destino vacío | Contenido: '1761;;389.56;Retrasado'
[2026-04-22 13:07:05] | Línea 765 | ERROR: Kilos no es un número válido: '---' | Contenido: '1765;Cuenca;---;Devuelto'
[2026-04-22 13:07:05] | Línea 782 | ERROR: ID de envío vacío | Contenido: ';;1590.9;En_Ruta'
[2026-04-22 13:07:05] | Línea 784 | ERROR: Número incorrecto de campos. Se esperaban5campos separados por ';'. | Contenido: '1784;Badajoz;299.01;Cancelado;EXTRA_CAMPO'
[2026-04-22 13:07:05] | Línea 789 | ERROR: ID de envío vacío | Contenido: ';;3481.93;Cancelado'
[2026-04-22 13:07:05] | Línea 825 | ERROR: Kilos no es un número válido: '??' | Contenido: '1825;Badalona;??;Devuelto'
[2026-04-22 13:07:05] | Línea 831 | ERROR: Destino vacío | Contenido: '1831;;3549.59;Devuelto'
[2026-04-22 13:07:05] | Línea 847 | ERROR: Destino vacío | Contenido: '1847;;3330.24;Devuelto'
[2026-04-22 13:07:05] | Línea 878 | ERROR: Kilos debe ser un número positivo mayor que cero | Contenido: '1878;Murcia;-178.91;Entregado'
[2026-04-22 13:07:05] | Línea 916 | ERROR: Kilos debe ser un número positivo mayor que cero | Contenido: '1916;Santa_Cruz;-1167.69;Retrasado'
[2026-04-22 13:07:05] | Línea 917 | ERROR: Número incorrecto de campos. Se esperaban5campos separados por ';'. | Contenido: '1917;Almería;2847.17;Cancelado;EXTRA_CAMPO'
[2026-04-22 13:07:05] | Línea 920 | ERROR: Kilos no es un número válido: 'OVERFLOW' | Contenido: '1920;Logroño;OVERFLOW;En_Almacén'
[2026-04-22 13:07:05] | Línea 924 | ERROR: Destino vacío | Contenido: '1924;;2452.38;Entregado'
[2026-04-22 13:07:05] | Línea 932 | ERROR: Número incorrecto de campos. Se esperaban5campos separados por ';'. | Contenido: '1932;Burgos;1179.9;En_Almacén;EXTRA_CAMPO'
[2026-04-22 13:07:05] | Línea 934 | ERROR: Destino vacío | Contenido: '1934;;805.89;Cancelado'
[2026-04-22 13:07:05] | Línea 939 | ERROR: Destino vacío | Contenido: '1939;;1819.2;Retrasado'
[2026-04-22 13:07:05] | Línea 946 | ERROR: Destino vacío | Contenido: '1946;;811.24;En_Almacén'
[2026-04-22 13:07:05] | Línea 969 | ERROR: Kilos no es un número válido: 'OVERFLOW' | Contenido: '1969;Almería;OVERFLOW;Retrasado'
[2026-04-22 13:07:05] | Línea 973 | ERROR: Destino vacío | Contenido: '1973;;2141.62;En_Ruta'
[2026-04-22 13:07:05] | Línea 986 | ERROR: Kilos no es un número válido: 'OVERFLOW' | Contenido: '1986;Pamplona;OVERFLOW;Cancelado'
[2026-04-22 13:07:05] | Línea 991 | ERROR: Número incorrecto de campos. Se esperaban5campos separados por ';'. | Contenido: '1991;Sabadell;1634.19;Devuelto;EXTRA_CAMPO'
[2026-04-22 13:07:05] | Línea 996 | ERROR: Kilos debe ser un número positivo mayor que cero | Contenido: '1996;Ávila;-2490.81;En_Ruta'
[2026-04-22 13:07:05] | Línea 1016 | ERROR: Kilos no es un número válido: '---' | Contenido: '2016;Gijón;---;Entregado'
[2026-04-22 13:07:05] | Línea 1029 | ERROR: Kilos debe ser un número positivo mayor que cero | Contenido: '2029;Hospitalet;-1613.94;Entregado'
[2026-04-22 13:07:05] | Línea 1036 | ERROR: Kilos debe ser un número positivo mayor que cero | Contenido: '2036;Badajoz;-4303.06;En_Almacén'
[2026-04-22 13:07:05] | Línea 1051 | ERROR: ID de envío vacío | Contenido: ';;2745.23;Cancelado'
[2026-04-22 13:07:05] | Línea 1055 | ERROR: Destino vacío | Contenido: '2055;;3188.87;Pendiente'
[2026-04-22 13:07:05] | Línea 1068 | ERROR: ID de envío vacío | Contenido: ';;4342.13;En_Almacén'
[2026-04-22 13:07:05] | Línea 1071 | ERROR: ID de envío vacío | Contenido: ';;3519.27;Pendiente'
[2026-04-22 13:07:05] | Línea 1100 | ERROR: Kilos no es un número válido: 'ERROR_PESO' | Contenido: '2100;León;ERROR_PESO;Cancelado'
[2026-04-22 13:07:05] | Línea 1110 | ERROR: Número incorrecto de campos. Se esperaban5campos separados por ';'. | Contenido: '2110;Segovia;4148.82;Entregado;EXTRA_CAMPO'
[2026-04-22 13:07:05] | Línea 1120 | ERROR: Número incorrecto de campos. Se esperaban5campos separados por ';'. | Contenido: '2120;Palma;958.8;Cancelado;EXTRA_CAMPO'
[2026-04-22 13:07:05] | Línea 1136 | ERROR: Kilos no es un número válido: 'N/A' | Contenido: '2136;Cuenca;N/A;Retrasado'
[2026-04-22 13:07:05] | Línea 1150 | ERROR: Kilos no es un número válido: 'null' | Contenido: '2150;Toledo;null;Devuelto'
[2026-04-22 13:07:05] | Línea 1153 | ERROR: Kilos no es un número válido: 'null' | Contenido: '2153;Bilbao;null;En_Ruta'
[2026-04-22 13:07:05] | Línea 1155 | ERROR: Número incorrecto de campos. Se esperaban5campos separados por ';'. | Contenido: '2155;Murcia;3600.88;Devuelto;EXTRA_CAMPO'
[2026-04-22 13:07:05] | Línea 1159 | ERROR: Kilos debe ser un número positivo mayor que cero | Contenido: '2159;Vitoria;-646.35;Devuelto'
[2026-04-22 13:07:05] | Línea 1177 | ERROR: Kilos no es un número válido: 'N/A' | Contenido: '2177;Toledo;N/A;Entregado'
[2026-04-22 13:07:05] | Línea 1181 | ERROR: Destino vacío | Contenido: '2181;;348.87;En_Almacén'
[2026-04-22 13:07:05] | Línea 1210 | ERROR: Destino vacío | Contenido: '2210;;4906.57;Pendiente'
[2026-04-22 13:07:05] | Línea 1227 | ERROR: Número incorrecto de campos. Se esperaban5campos separados por ';'. | Contenido: '2227;Cartagena;442.7;Devuelto;EXTRA_CAMPO'
[2026-04-22 13:07:05] | Línea 1231 | ERROR: Kilos no es un número válido: 'OVERFLOW' | Contenido: '2231;Santa_Cruz;OVERFLOW;Retrasado'
[2026-04-22 13:07:05] | Línea 1242 | ERROR: Kilos no es un número válido: '??' | Contenido: '2242;Córdoba;??;Devuelto'
[2026-04-22 13:07:05] | Línea 1268 | ERROR: Kilos no es un número válido: '---' | Contenido: '2268;Fuenlabrada;---;En_Almacén'
[2026-04-22 13:07:05] | Línea 1271 | ERROR: Kilos no es un número válido: 'N/A' | Contenido: '2271;Cartagena;N/A;Devuelto'
[2026-04-22 13:07:05] | Línea 1275 | ERROR: Kilos debe ser un número positivo mayor que cero | Contenido: '2275;Badalona;-1640.5;En_Ruta'
[2026-04-22 13:07:05] | Línea 1292 | ERROR: Destino vacío | Contenido: '2292;;2809.09;Entregado'
[2026-04-22 13:07:05] | Línea 1305 | ERROR: Kilos no es un número válido: 'null' | Contenido: '2305;Barcelona;null;En_Almacén'
[2026-04-22 13:07:05] | Línea 1375 | ERROR: ID de envío vacío | Contenido: ';;3498.21;Devuelto'
[2026-04-22 13:07:05] | Línea 1383 | ERROR: Kilos no es un número válido: 'N/A' | Contenido: '2383;Oviedo;N/A;En_Almacén'
[2026-04-22 13:07:05] | Línea 1384 | ERROR: ID de envío vacío | Contenido: ';;4099.7;Devuelto'
[2026-04-22 13:07:05] | Línea 1398 | ERROR: Kilos no es un número válido: '---' | Contenido: '2398;Murcia;---;Devuelto'
[2026-04-22 13:07:05] | Línea 1447 | ERROR: Kilos no es un número válido: 'OVERFLOW' | Contenido: '2447;Cuenca;OVERFLOW;Devuelto'
[2026-04-22 13:07:05] | Línea 1451 | ERROR: Kilos debe ser un número positivo mayor que cero | Contenido: '2451;Córdoba;-1825.68;Cancelado'
[2026-04-22 13:07:05] | Línea 1460 | ERROR: Número incorrecto de campos. Se esperaban5campos separados por ';'. | Contenido: '2460;Sevilla;4888.72;Retrasado;EXTRA_CAMPO'
[2026-04-22 13:07:05] | Línea 1498 | ERROR: ID de envío vacío | Contenido: ';;1245.66;Retrasado'
[2026-04-22 13:07:05] | Línea 1505 | ERROR: Kilos no es un número válido: 'OVERFLOW' | Contenido: '2505;Oviedo;OVERFLOW;En_Almacén'
[2026-04-22 13:07:05] | Línea 1514 | ERROR: Kilos no es un número válido: 'SENSOR_FAIL' | Contenido: '2514;Granada;SENSOR_FAIL;Pendiente'
[2026-04-22 13:07:05] | Línea 1521 | ERROR: Destino vacío | Contenido: '2521;;1695.19;Pendiente'
[2026-04-22 13:07:05] | Línea 1539 | ERROR: Kilos debe ser un número positivo mayor que cero | Contenido: '2539;Hospitalet;-19.39;Devuelto'
[2026-04-22 13:07:05] | Línea 1550 | ERROR: Kilos no es un número válido: 'null' | Contenido: '2550;Hospitalet;null;En_Ruta'
[2026-04-22 13:07:05] | Línea 1551 | ERROR: Destino vacío | Contenido: '2551;;3628.1;En_Almacén'
[2026-04-22 13:07:05] | Línea 1557 | ERROR: Kilos debe ser un número positivo mayor que cero | Contenido: '2557;Valladolid;-2986.41;En_Almacén'
[2026-04-22 13:07:05] | Línea 1560 | ERROR: Kilos no es un número válido: '---' | Contenido: '2560;Valencia;---;Retrasado'
[2026-04-22 13:07:05] | Línea 1570 | ERROR: Kilos no es un número válido: 'null' | Contenido: '2570;Hospitalet;null;Cancelado'
[2026-04-22 13:07:05] | Línea 1573 | ERROR: Destino vacío | Contenido: '2573;;4333.71;En_Almacén'
[2026-04-22 13:07:05] | Línea 1594 | ERROR: ID de envío vacío | Contenido: ';;145.69;En_Ruta'
[2026-04-22 13:07:05] | Línea 1610 | ERROR: Número incorrecto de campos. Se esperaban5campos separados por ';'. | Contenido: '2610;Córdoba;2811.46;Pendiente;EXTRA_CAMPO'
[2026-04-22 13:07:05] | Línea 1620 | ERROR: Kilos no es un número válido: 'N/A' | Contenido: '2620;Segovia;N/A;Cancelado'
[2026-04-22 13:07:05] | Línea 1632 | ERROR: Destino vacío | Contenido: '2632;;3153.75;En_Almacén'
[2026-04-22 13:07:05] | Línea 1647 | ERROR: Kilos no es un número válido: 'null' | Contenido: '2647;Leganés;null;En_Almacén'
[2026-04-22 13:07:05] | Línea 1648 | ERROR: Kilos no es un número válido: 'N/A' | Contenido: '2648;Zaragoza;N/A;Pendiente'
[2026-04-22 13:07:05] | Línea 1658 | ERROR: Destino vacío | Contenido: '2658;;1417.47;Pendiente'
[2026-04-22 13:07:05] | Línea 1663 | ERROR: Kilos debe ser un número positivo mayor que cero | Contenido: '2663;Cartagena;-645.78;En_Ruta'
[2026-04-22 13:07:05] | Línea 1694 | ERROR: Kilos no es un número válido: 'OVERFLOW' | Contenido: '2694;Albacete;OVERFLOW;En_Ruta'
[2026-04-22 13:07:05] | Línea 1700 | ERROR: Kilos no es un número válido: 'N/A' | Contenido: '2700;Salamanca;N/A;Entregado'
[2026-04-22 13:07:05] | Línea 1702 | ERROR: ID de envío vacío | Contenido: ';;1772.08;Cancelado'
[2026-04-22 13:07:05] | Línea 1703 | ERROR: Kilos no es un número válido: '---' | Contenido: '2703;Valencia;---;En_Ruta'
[2026-04-22 13:07:05] | Línea 1728 | ERROR: Número incorrecto de campos. Se esperaban5campos separados por ';'. | Contenido: '2728;Cartagena;4266.28;En_Almacén;EXTRA_CAMPO'
[2026-04-22 13:07:05] | Línea 1735 | ERROR: Kilos no es un número válido: 'SENSOR_FAIL' | Contenido: '2735;Valladolid;SENSOR_FAIL;Retrasado'
[2026-04-22 13:07:05] | Línea 1746 | ERROR: Kilos debe ser un número positivo mayor que cero | Contenido: '2746;Tarragona;-4968.25;Cancelado'
[2026-04-22 13:07:05] | Línea 1748 | ERROR: ID de envío vacío | Contenido: ';;1926.9;Devuelto'
[2026-04-22 13:07:05] | Línea 1796 | ERROR: ID de envío vacío | Contenido: ';;4035.07;Devuelto'
[2026-04-22 13:07:05] | Línea 1799 | ERROR: Kilos no es un número válido: '---' | Contenido: '2799;Tarragona;---;Cancelado'
[2026-04-22 13:07:05] | Línea 1809 | ERROR: Kilos no es un número válido: 'OVERFLOW' | Contenido: '2809;Santa_Cruz;OVERFLOW;Cancelado'
[2026-04-22 13:07:05] | Línea 1833 | ERROR: ID de envío vacío | Contenido: ';;3517.2;Retrasado'
[2026-04-22 13:07:05] | Línea 1842 | ERROR: Kilos no es un número válido: 'N/A' | Contenido: '2842;Salamanca;N/A;Devuelto'
[2026-04-22 13:07:05] | Línea 1848 | ERROR: Kilos no es un número válido: '??' | Contenido: '2848;Vitoria;??;Retrasado'
[2026-04-22 13:07:05] | Línea 1858 | ERROR: Kilos no es un número válido: 'SENSOR_FAIL' | Contenido: '2858;Palma;SENSOR_FAIL;Retrasado'
[2026-04-22 13:07:05] | Línea 1863 | ERROR: Kilos no es un número válido: 'OVERFLOW' | Contenido: '2863;Segovia;OVERFLOW;Pendiente'
[2026-04-22 13:07:05] | Línea 1865 | ERROR: Kilos debe ser un número positivo mayor que cero | Contenido: '2865;León;-1485.84;Cancelado'
[2026-04-22 13:07:05] | Línea 1879 | ERROR: Número incorrecto de campos. Se esperaban5campos separados por ';'. | Contenido: '2879;Móstoles;22.53;Entregado;EXTRA_CAMPO'
[2026-04-22 13:07:05] | Línea 1908 | ERROR: Kilos debe ser un número positivo mayor que cero | Contenido: '2908;Pamplona;-1318.44;En_Almacén'
[2026-04-22 13:07:05] | Línea 1924 | ERROR: Número incorrecto de campos. Se esperaban5campos separados por ';'. | Contenido: '2924;Madrid;888.83;Pendiente;EXTRA_CAMPO'
[2026-04-22 13:07:05] | Línea 1966 | ERROR: ID de envío vacío | Contenido: ';;3478.71;Devuelto'
[2026-04-22 13:07:05] | Línea 1985 | ERROR: ID de envío vacío | Contenido: ';;1341.13;Devuelto'
[2026-04-22 13:07:05] | Línea 1996 | ERROR: Destino vacío | Contenido: '2996;;3806.48;En_Almacén'
[2026-04-22 13:07:05] | Línea 2000 | ERROR: Kilos no es un número válido: 'ERROR_PESO' | Contenido: '3000;Santa_Cruz;ERROR_PESO;Devuelto'
[2026-04-22 13:07:05] | Línea 2004 | ERROR: Destino vacío | Contenido: '3004;;259.89;Pendiente'
[2026-04-22 13:07:05] | Línea 2005 | ERROR: Kilos no es un número válido: '---' | Contenido: '3005;Barcelona;---;Retrasado'
[2026-04-22 13:07:05] | Línea 2026 | ERROR: Kilos no es un número válido: 'ERROR_PESO' | Contenido: '3026;Valladolid;ERROR_PESO;Devuelto'
[2026-04-22 13:07:05] | Línea 2053 | ERROR: Kilos debe ser un número positivo mayor que cero | Contenido: '3053;Palma;-1654.63;En_Ruta'
[2026-04-22 13:07:05] | Línea 2064 | ERROR: Kilos no es un número válido: 'null' | Contenido: '3064;Cartagena;null;Pendiente'
[2026-04-22 13:07:05] | Línea 2097 | ERROR: ID de envío vacío | Contenido: ';;82.89;Pendiente'
[2026-04-22 13:07:05] | Línea 2104 | ERROR: Kilos debe ser un número positivo mayor que cero | Contenido: '3104;Huelva;-3115.57;Devuelto'
[2026-04-22 13:07:05] | Línea 2121 | ERROR: Kilos no es un número válido: 'SENSOR_FAIL' | Contenido: '3121;Alicante;SENSOR_FAIL;Devuelto'
[2026-04-22 13:07:05] | Línea 2202 | ERROR: Kilos no es un número válido: 'SENSOR_FAIL' | Contenido: '3202;Valladolid;SENSOR_FAIL;Cancelado'
[2026-04-22 13:07:05] | Línea 2207 | ERROR: Número incorrecto de campos. Se esperaban5campos separados por ';'. | Contenido: '3207;Ávila;3068.87;Pendiente;EXTRA_CAMPO'
[2026-04-22 13:07:05] | Línea 2216 | ERROR: ID de envío vacío | Contenido: ';;3103.82;En_Almacén'
[2026-04-22 13:07:05] | Línea 2219 | ERROR: Kilos debe ser un número positivo mayor que cero | Contenido: '3219;Valladolid;-4751.64;Retrasado'
[2026-04-22 13:07:05] | Línea 2221 | ERROR: Destino vacío | Contenido: '3221;;3021.02;Devuelto'
[2026-04-22 13:07:05] | Línea 2229 | ERROR: Kilos no es un número válido: 'OVERFLOW' | Contenido: '3229;Málaga;OVERFLOW;En_Almacén'
[2026-04-22 13:07:05] | Línea 2231 | ERROR: Kilos no es un número válido: 'OVERFLOW' | Contenido: '3231;Cádiz;OVERFLOW;Entregado'
[2026-04-22 13:07:05] | Línea 2232 | ERROR: Número incorrecto de campos. Se esperaban5campos separados por ';'. | Contenido: '3232;Salamanca;2499.41;En_Ruta;EXTRA_CAMPO'
[2026-04-22 13:07:05] | Línea 2249 | ERROR: Destino vacío | Contenido: '3249;;1137.9;Entregado'
[2026-04-22 13:07:05] | Línea 2263 | ERROR: Kilos no es un número válido: 'SENSOR_FAIL' | Contenido: '3263;Zaragoza;SENSOR_FAIL;Devuelto'
[2026-04-22 13:07:05] | Línea 2270 | ERROR: Número incorrecto de campos. Se esperaban5campos separados por ';'. | Contenido: '3270;Burgos;1591.45;Cancelado;EXTRA_CAMPO'
[2026-04-22 13:07:05] | Línea 2300 | ERROR: Kilos no es un número válido: '---' | Contenido: '3300;Elche;---;Pendiente'
[2026-04-22 13:07:05] | Línea 2327 | ERROR: Kilos no es un número válido: 'SENSOR_FAIL' | Contenido: '3327;Barcelona;SENSOR_FAIL;Entregado'
[2026-04-22 13:07:05] | Línea 2340 | ERROR: Kilos no es un número válido: 'N/A' | Contenido: '3340;Jerez;N/A;En_Almacén'
[2026-04-22 13:07:05] | Línea 2347 | ERROR: Kilos no es un número válido: '---' | Contenido: '3347;Terrassa;---;Cancelado'
[2026-04-22 13:07:05] | Línea 2348 | ERROR: Destino vacío | Contenido: '3348;;4828.92;En_Almacén'
[2026-04-22 13:07:05] | Línea 2354 | ERROR: Destino vacío | Contenido: '3354;;342.6;Pendiente'
[2026-04-22 13:07:05] | Línea 2359 | ERROR: Kilos debe ser un número positivo mayor que cero | Contenido: '3359;Cuenca;-2342.34;Devuelto'
[2026-04-22 13:07:05] | Línea 2362 | ERROR: Kilos debe ser un número positivo mayor que cero | Contenido: '3362;Lugo;-1220.22;Cancelado'
[2026-04-22 13:07:05] | Línea 2368 | ERROR: ID de envío vacío | Contenido: ';;4824.8;Cancelado'
[2026-04-22 13:07:05] | Línea 2380 | ERROR: Destino vacío | Contenido: '3380;;4079.59;En_Ruta'
[2026-04-22 13:07:05] | Línea 2385 | ERROR: Kilos no es un número válido: '??' | Contenido: '3385;Cádiz;??;En_Almacén'
[2026-04-22 13:07:05] | Línea 2407 | ERROR: Kilos no es un número válido: 'OVERFLOW' | Contenido: '3407;Barcelona;OVERFLOW;Devuelto'
[2026-04-22 13:07:05] | Línea 2415 | ERROR: Kilos debe ser un número positivo mayor que cero | Contenido: '3415;Elche;-4686.58;Entregado'
[2026-04-22 13:07:05] | Línea 2421 | ERROR: Kilos debe ser un número positivo mayor que cero | Contenido: '3421;Vitoria;-198.35;Pendiente'
[2026-04-22 13:07:05] | Línea 2434 | ERROR: Destino vacío | Contenido: '3434;;2027.53;Entregado'
[2026-04-22 13:07:05] | Línea 2454 | ERROR: Kilos no es un número válido: '??' | Contenido: '3454;Badajoz;??;Entregado'
[2026-04-22 13:07:05] | Línea 2466 | ERROR: Kilos no es un número válido: '---' | Contenido: '3466;Barcelona;---;Retrasado'
[2026-04-22 13:07:05] | Línea 2468 | ERROR: Kilos no es un número válido: 'N/A' | Contenido: '3468;Las_Palmas;N/A;En_Ruta'
[2026-04-22 13:07:05] | Línea 2507 | ERROR: Destino vacío | Contenido: '3507;;2551.69;Entregado'
[2026-04-22 13:07:05] | Línea 2522 | ERROR: Destino vacío | Contenido: '3522;;1944.53;Cancelado'
[2026-04-22 13:07:05] | Línea 2524 | ERROR: Destino vacío | Contenido: '3524;;2888.92;Devuelto'
[2026-04-22 13:07:05] | Línea 2545 | ERROR: Kilos no es un número válido: 'N/A' | Contenido: '3545;Sabadell;N/A;Pendiente'
[2026-04-22 13:07:05] | Línea 2546 | ERROR: Destino vacío | Contenido: '3546;;3776.54;Devuelto'
[2026-04-22 13:07:05] | Línea 2548 | ERROR: Kilos no es un número válido: 'null' | Contenido: '3548;Ourense;null;Retrasado'
[2026-04-22 13:07:05] | Línea 2551 | ERROR: Destino vacío | Contenido: '3551;;1294.3;Retrasado'
[2026-04-22 13:07:05] | Línea 2561 | ERROR: Kilos no es un número válido: 'OVERFLOW' | Contenido: '3561;Móstoles;OVERFLOW;Pendiente'
[2026-04-22 13:07:05] | Línea 2567 | ERROR: Destino vacío | Contenido: '3567;;4511.71;Retrasado'
[2026-04-22 13:07:05] | Línea 2571 | ERROR: Destino vacío | Contenido: '3571;;1629.62;Entregado'
[2026-04-22 13:07:05] | Línea 2576 | ERROR: Número incorrecto de campos. Se esperaban5campos separados por ';'. | Contenido: '3576;Granada;4356.66;Pendiente;EXTRA_CAMPO'
[2026-04-22 13:07:05] | Línea 2585 | ERROR: Kilos debe ser un número positivo mayor que cero | Contenido: '3585;Fuenlabrada;-1623.52;Entregado'
[2026-04-22 13:07:05] | Línea 2588 | ERROR: Kilos no es un número válido: 'N/A' | Contenido: '3588;Las_Palmas;N/A;En_Ruta'
[2026-04-22 13:07:05] | Línea 2594 | ERROR: ID de envío vacío | Contenido: ';;3644.7;En_Almacén'
[2026-04-22 13:07:05] | Línea 2603 | ERROR: Destino vacío | Contenido: '3603;;1957.11;Entregado'
[2026-04-22 13:07:05] | Línea 2604 | ERROR: Kilos no es un número válido: 'null' | Contenido: '3604;Albacete;null;Entregado'
[2026-04-22 13:07:05] | Línea 2611 | ERROR: ID de envío vacío | Contenido: ';;1082.41;Retrasado'
[2026-04-22 13:07:05] | Línea 2648 | ERROR: Destino vacío | Contenido: '3648;;114.61;Cancelado'
[2026-04-22 13:07:05] | Línea 2656 | ERROR: Destino vacío | Contenido: '3656;;497.16;Retrasado'
[2026-04-22 13:07:05] | Línea 2659 | ERROR: ID de envío vacío | Contenido: ';;3528.88;En_Almacén'
[2026-04-22 13:07:05] | Línea 2673 | ERROR: Kilos no es un número válido: 'N/A' | Contenido: '3673;León;N/A;En_Almacén'
[2026-04-22 13:07:05] | Línea 2681 | ERROR: Destino vacío | Contenido: '3681;;2725.41;En_Almacén'
[2026-04-22 13:07:05] | Línea 2710 | ERROR: Kilos no es un número válido: 'OVERFLOW' | Contenido: '3710;Fuenlabrada;OVERFLOW;Cancelado'
[2026-04-22 13:07:05] | Línea 2725 | ERROR: Kilos no es un número válido: 'null' | Contenido: '3725;Bilbao;null;Retrasado'
[2026-04-22 13:07:05] | Línea 2768 | ERROR: Kilos no es un número válido: 'OVERFLOW' | Contenido: '3768;Leganés;OVERFLOW;En_Almacén'
[2026-04-22 13:07:05] | Línea 2775 | ERROR: Kilos no es un número válido: 'ERROR_PESO' | Contenido: '3775;Cuenca;ERROR_PESO;En_Almacén'
[2026-04-22 13:07:05] | Línea 2785 | ERROR: Destino vacío | Contenido: '3785;;3608.56;Cancelado'
[2026-04-22 13:07:05] | Línea 2799 | ERROR: Kilos no es un número válido: 'SENSOR_FAIL' | Contenido: '3799;Badalona;SENSOR_FAIL;Devuelto'
[2026-04-22 13:07:05] | Línea 2801 | ERROR: Destino vacío | Contenido: '3801;;3372.11;Pendiente'
[2026-04-22 13:07:05] | Línea 2837 | ERROR: Kilos no es un número válido: '---' | Contenido: '3837;Barcelona;---;En_Ruta'
[2026-04-22 13:07:05] | Línea 2839 | ERROR: Kilos no es un número válido: '---' | Contenido: '3839;Las_Palmas;---;En_Ruta'
[2026-04-22 13:07:05] | Línea 2840 | ERROR: Destino vacío | Contenido: '3840;;4913.81;Cancelado'
[2026-04-22 13:07:05] | Línea 2859 | ERROR: ID de envío vacío | Contenido: ';;2673.41;Pendiente'
[2026-04-22 13:07:05] | Línea 2864 | ERROR: Kilos no es un número válido: 'OVERFLOW' | Contenido: '3864;Córdoba;OVERFLOW;Retrasado'
[2026-04-22 13:07:05] | Línea 2867 | ERROR: Kilos no es un número válido: 'OVERFLOW' | Contenido: '3867;Cartagena;OVERFLOW;Entregado'
[2026-04-22 13:07:05] | Línea 2883 | ERROR: Kilos debe ser un número positivo mayor que cero | Contenido: '3883;Cuenca;-4215.01;Cancelado'
[2026-04-22 13:07:05] | Línea 2901 | ERROR: Kilos no es un número válido: '---' | Contenido: '3901;Badalona;---;Devuelto'
[2026-04-22 13:07:05] | Línea 2917 | ERROR: Destino vacío | Contenido: '3917;;2294.65;En_Ruta'
[2026-04-22 13:07:05] | Línea 2921 | ERROR: Kilos no es un número válido: 'null' | Contenido: '3921;Sabadell;null;Retrasado'
[2026-04-22 13:07:05] | Línea 2931 | ERROR: Kilos no es un número válido: 'SENSOR_FAIL' | Contenido: '3931;Ávila;SENSOR_FAIL;Cancelado'
[2026-04-22 13:07:05] | Línea 2944 | ERROR: Destino vacío | Contenido: '3944;;2702.13;Pendiente'
[2026-04-22 13:07:05] | Línea 2949 | ERROR: Kilos no es un número válido: '---' | Contenido: '3949;Las_Palmas;---;En_Ruta'
[2026-04-22 13:07:05] | Línea 2963 | ERROR: Kilos no es un número válido: 'OVERFLOW' | Contenido: '3963;Burgos;OVERFLOW;Cancelado'
[2026-04-22 13:07:05] | Línea 2974 | ERROR: Kilos no es un número válido: '---' | Contenido: '3974;Salamanca;---;Cancelado'
[2026-04-22 13:07:05] | Línea 2993 | ERROR: Kilos no es un número válido: 'ERROR_PESO' | Contenido: '3993;Pamplona;ERROR_PESO;Retrasado'
[2026-04-22 13:07:05] | Línea 3015 | ERROR: Kilos debe ser un número positivo mayor que cero | Contenido: '4015;Pamplona;-2841.86;Pendiente'
[2026-04-22 13:07:05] | Línea 3022 | ERROR: Destino vacío | Contenido: '4022;;3838.86;Cancelado'
[2026-04-22 13:07:05] | Línea 3044 | ERROR: Kilos no es un número válido: '---' | Contenido: '4044;Jerez;---;Pendiente'
[2026-04-22 13:07:05] | Línea 3059 | ERROR: Kilos no es un número válido: 'null' | Contenido: '4059;Santander;null;Entregado'
[2026-04-22 13:07:05] | Línea 3063 | ERROR: Número incorrecto de campos. Se esperaban5campos separados por ';'. | Contenido: '4063;Ourense;3959.17;Retrasado;EXTRA_CAMPO'
[2026-04-22 13:07:05] | Línea 3084 | ERROR: Kilos debe ser un número positivo mayor que cero | Contenido: '4084;Córdoba;-2382.18;En_Almacén'
[2026-04-22 13:07:05] | Línea 3089 | ERROR: Kilos debe ser un número positivo mayor que cero | Contenido: '4089;Santander;-3950.72;Pendiente'
[2026-04-22 13:07:05] | Línea 3107 | ERROR: Destino vacío | Contenido: '4107;;3086.89;Devuelto'
[2026-04-22 13:07:05] | Línea 3114 | ERROR: Kilos no es un número válido: 'OVERFLOW' | Contenido: '4114;Oviedo;OVERFLOW;Entregado'
[2026-04-22 13:07:05] | Línea 3181 | ERROR: Destino vacío | Contenido: '4181;;3091.72;En_Almacén'
[2026-04-22 13:07:05] | Línea 3193 | ERROR: Kilos debe ser un número positivo mayor que cero | Contenido: '4193;Lugo;-2905.99;Devuelto'
[2026-04-22 13:07:05] | Línea 3194 | ERROR: Kilos debe ser un número positivo mayor que cero | Contenido: '4194;Granada;-2870.69;Retrasado'
[2026-04-22 13:07:05] | Línea 3200 | ERROR: Kilos no es un número válido: 'null' | Contenido: '4200;Ourense;null;En_Ruta'
[2026-04-22 13:07:05] | Línea 3221 | ERROR: Destino vacío | Contenido: '4221;;815.81;Cancelado'
[2026-04-22 13:07:05] | Línea 3233 | ERROR: Kilos no es un número válido: 'ERROR_PESO' | Contenido: '4233;Mérida;ERROR_PESO;Devuelto'
[2026-04-22 13:07:05] | Línea 3240 | ERROR: Kilos no es un número válido: '??' | Contenido: '4240;Lugo;??;En_Almacén'
[2026-04-22 13:07:05] | Línea 3250 | ERROR: Número incorrecto de campos. Se esperaban5campos separados por ';'. | Contenido: '4250;Valladolid;4396.87;Cancelado;EXTRA_CAMPO'
[2026-04-22 13:07:05] | Línea 3251 | ERROR: Kilos no es un número válido: 'ERROR_PESO' | Contenido: '4251;Fuenlabrada;ERROR_PESO;Cancelado'
[2026-04-22 13:07:05] | Línea 3254 | ERROR: Kilos debe ser un número positivo mayor que cero | Contenido: '4254;Santander;-2803.96;Devuelto'
[2026-04-22 13:07:05] | Línea 3269 | ERROR: Destino vacío | Contenido: '4269;;2049.94;Entregado'
[2026-04-22 13:07:05] | Línea 3277 | ERROR: Destino vacío | Contenido: '4277;;4561.71;En_Almacén'
[2026-04-22 13:07:05] | Línea 3281 | ERROR: Kilos debe ser un número positivo mayor que cero | Contenido: '4281;Leganés;-4967.9;Entregado'
[2026-04-22 13:07:05] | Línea 3294 | ERROR: ID de envío vacío | Contenido: ';;3967.7;Devuelto'
[2026-04-22 13:07:05] | Línea 3316 | ERROR: ID de envío vacío | Contenido: ';;1297.37;Pendiente'
[2026-04-22 13:07:05] | Línea 3340 | ERROR: Número incorrecto de campos. Se esperaban5campos separados por ';'. | Contenido: '4340;Pamplona;203.41;Devuelto;EXTRA_CAMPO'
[2026-04-22 13:07:05] | Línea 3356 | ERROR: Kilos debe ser un número positivo mayor que cero | Contenido: '4356;Valencia;-2905.97;Cancelado'
[2026-04-22 13:07:05] | Línea 3361 | ERROR: Destino vacío | Contenido: '4361;;1219.95;Entregado'
[2026-04-22 13:07:05] | Línea 3365 | ERROR: Número incorrecto de campos. Se esperaban5campos separados por ';'. | Contenido: '4365;Mérida;2669.68;En_Almacén;EXTRA_CAMPO'
[2026-04-22 13:07:05] | Línea 3385 | ERROR: Kilos no es un número válido: 'ERROR_PESO' | Contenido: '4385;Cuenca;ERROR_PESO;En_Ruta'
[2026-04-22 13:07:05] | Línea 3402 | ERROR: Destino vacío | Contenido: '4402;;3570.67;Pendiente'
[2026-04-22 13:07:05] | Línea 3434 | ERROR: Kilos no es un número válido: 'SENSOR_FAIL' | Contenido: '4434;Alicante;SENSOR_FAIL;Retrasado'
[2026-04-22 13:07:05] | Línea 3437 | ERROR: Destino vacío | Contenido: '4437;;3758.81;Devuelto'
[2026-04-22 13:07:05] | Línea 3450 | ERROR: Kilos no es un número válido: '??' | Contenido: '4450;Móstoles;??;Devuelto'
[2026-04-22 13:07:05] | Línea 3460 | ERROR: Destino vacío | Contenido: '4460;;3343.24;Entregado'
[2026-04-22 13:07:05] | Línea 3468 | ERROR: Kilos no es un número válido: 'SENSOR_FAIL' | Contenido: '4468;Bilbao;SENSOR_FAIL;En_Ruta'
[2026-04-22 13:07:05] | Línea 3492 | ERROR: Destino vacío | Contenido: '4492;;3213.72;Devuelto'
[2026-04-22 13:07:05] | Línea 3497 | ERROR: Kilos no es un número válido: 'OVERFLOW' | Contenido: '4497;Alicante;OVERFLOW;Entregado'
[2026-04-22 13:07:05] | Línea 3499 | ERROR: Kilos debe ser un número positivo mayor que cero | Contenido: '4499;Bilbao;-3468.69;Pendiente'
[2026-04-22 13:07:05] | Línea 3520 | ERROR: ID de envío vacío | Contenido: ';;4784.14;Entregado'
[2026-04-22 13:07:05] | Línea 3522 | ERROR: Kilos no es un número válido: '??' | Contenido: '4522;Lugo;??;Devuelto'
[2026-04-22 13:07:05] | Línea 3526 | ERROR: Destino vacío | Contenido: '4526;;4319.07;Pendiente'
[2026-04-22 13:07:05] | Línea 3534 | ERROR: Número incorrecto de campos. Se esperaban5campos separados por ';'. | Contenido: '4534;Almería;2171.27;Retrasado;EXTRA_CAMPO'
[2026-04-22 13:07:05] | Línea 3538 | ERROR: Kilos no es un número válido: 'N/A' | Contenido: '4538;León;N/A;En_Ruta'
[2026-04-22 13:07:05] | Línea 3549 | ERROR: Kilos no es un número válido: '---' | Contenido: '4549;Zaragoza;---;En_Ruta'
[2026-04-22 13:07:05] | Línea 3574 | ERROR: Kilos no es un número válido: 'ERROR_PESO' | Contenido: '4574;Santa_Cruz;ERROR_PESO;Entregado'
[2026-04-22 13:07:05] | Línea 3593 | ERROR: Kilos no es un número válido: 'null' | Contenido: '4593;Elche;null;En_Ruta'
[2026-04-22 13:07:05] | Línea 3615 | ERROR: Kilos no es un número válido: '??' | Contenido: '4615;Toledo;??;En_Ruta'
[2026-04-22 13:07:05] | Línea 3620 | ERROR: Kilos no es un número válido: 'SENSOR_FAIL' | Contenido: '4620;Elche;SENSOR_FAIL;Cancelado'
[2026-04-22 13:07:05] | Línea 3623 | ERROR: Destino vacío | Contenido: '4623;;1410.45;En_Almacén'
[2026-04-22 13:07:05] | Línea 3632 | ERROR: ID de envío vacío | Contenido: ';;792.47;Retrasado'
[2026-04-22 13:07:05] | Línea 3634 | ERROR: Destino vacío | Contenido: '4634;;3364.89;Cancelado'
[2026-04-22 13:07:05] | Línea 3635 | ERROR: Kilos debe ser un número positivo mayor que cero | Contenido: '4635;Fuenlabrada;-829.13;En_Ruta'
[2026-04-22 13:07:05] | Línea 3677 | ERROR: Kilos debe ser un número positivo mayor que cero | Contenido: '4677;Madrid;-2641.39;Pendiente'
[2026-04-22 13:07:05] | Línea 3678 | ERROR: Kilos debe ser un número positivo mayor que cero | Contenido: '4678;Vigo;-2230.61;Devuelto'
[2026-04-22 13:07:05] | Línea 3679 | ERROR: Destino vacío | Contenido: '4679;;1771.34;Devuelto'
[2026-04-22 13:07:05] | Línea 3693 | ERROR: Kilos no es un número válido: 'ERROR_PESO' | Contenido: '4693;León;ERROR_PESO;Cancelado'
[2026-04-22 13:07:05] | Línea 3697 | ERROR: Número incorrecto de campos. Se esperaban5campos separados por ';'. | Contenido: '4697;Valencia;1526.67;Cancelado;EXTRA_CAMPO'
[2026-04-22 13:07:05] | Línea 3712 | ERROR: Kilos debe ser un número positivo mayor que cero | Contenido: '4712;Córdoba;-4439.99;Pendiente'
[2026-04-22 13:07:05] | Línea 3718 | ERROR: Kilos no es un número válido: 'N/A' | Contenido: '4718;Móstoles;N/A;Pendiente'
[2026-04-22 13:07:05] | Línea 3724 | ERROR: Kilos no es un número válido: '---' | Contenido: '4724;Huelva;---;Cancelado'
[2026-04-22 13:07:05] | Línea 3733 | ERROR: Kilos debe ser un número positivo mayor que cero | Contenido: '4733;Zaragoza;-307.61;En_Ruta'
[2026-04-22 13:07:05] | Línea 3762 | ERROR: Kilos debe ser un número positivo mayor que cero | Contenido: '4762;Barcelona;-2232.09;En_Ruta'
[2026-04-22 13:07:05] | Línea 3766 | ERROR: Kilos no es un número válido: 'OVERFLOW' | Contenido: '4766;Valladolid;OVERFLOW;Pendiente'
[2026-04-22 13:07:05] | Línea 3767 | ERROR: Número incorrecto de campos. Se esperaban5campos separados por ';'. | Contenido: '4767;Albacete;2443.39;En_Almacén;EXTRA_CAMPO'
[2026-04-22 13:07:05] | Línea 3818 | ERROR: Número incorrecto de campos. Se esperaban5campos separados por ';'. | Contenido: '4818;Alicante;4763.41;Entregado;EXTRA_CAMPO'
[2026-04-22 13:07:05] | Línea 3823 | ERROR: Número incorrecto de campos. Se esperaban5campos separados por ';'. | Contenido: '4823;Cartagena;1515.8;Devuelto;EXTRA_CAMPO'
[2026-04-22 13:07:05] | Línea 3837 | ERROR: Destino vacío | Contenido: '4837;;4880.91;Retrasado'
[2026-04-22 13:07:05] | Línea 3838 | ERROR: Kilos no es un número válido: 'N/A' | Contenido: '4838;Tarragona;N/A;Cancelado'
[2026-04-22 13:07:05] | Línea 3856 | ERROR: ID de envío vacío | Contenido: ';;2124.65;Pendiente'
[2026-04-22 13:07:05] | Línea 3857 | ERROR: Kilos debe ser un número positivo mayor que cero | Contenido: '4857;Toledo;-273.17;Pendiente'
[2026-04-22 13:07:05] | Línea 3863 | ERROR: Destino vacío | Contenido: '4863;;1756.39;Entregado'
[2026-04-22 13:07:05] | Línea 3874 | ERROR: Destino vacío | Contenido: '4874;;4587.07;En_Almacén'
[2026-04-22 13:07:05] | Línea 3876 | ERROR: ID de envío vacío | Contenido: ';;1224.63;Devuelto'
[2026-04-22 13:07:05] | Línea 3901 | ERROR: ID de envío vacío | Contenido: ';;2733.94;Entregado'
[2026-04-22 13:07:05] | Línea 3903 | ERROR: Kilos no es un número válido: '---' | Contenido: '4903;León;---;En_Almacén'
[2026-04-22 13:07:05] | Línea 3942 | ERROR: Kilos no es un número válido: '??' | Contenido: '4942;León;??;En_Ruta'
[2026-04-22 13:07:05] | Línea 3943 | ERROR: Kilos no es un número válido: 'SENSOR_FAIL' | Contenido: '4943;Santander;SENSOR_FAIL;En_Almacén'
[2026-04-22 13:07:05] | Línea 3953 | ERROR: Destino vacío | Contenido: '4953;;4599.11;Cancelado'
[2026-04-22 13:07:05] | Línea 3956 | ERROR: Número incorrecto de campos. Se esperaban5campos separados por ';'. | Contenido: '4956;Madrid;2690.4;Devuelto;EXTRA_CAMPO'
[2026-04-22 13:07:05] | Línea 3964 | ERROR: Kilos no es un número válido: 'ERROR_PESO' | Contenido: '4964;Cuenca;ERROR_PESO;En_Ruta'
[2026-04-22 13:07:05] | Línea 3971 | ERROR: Destino vacío | Contenido: '4971;;4978.28;Pendiente'
[2026-04-22 13:07:05] | Línea 3988 | ERROR: Kilos no es un número válido: '??' | Contenido: '4988;Jaén;??;Retrasado'
[2026-04-22 13:07:05] | Línea 4000 | ERROR: Kilos debe ser un número positivo mayor que cero | Contenido: '5000;Ourense;-4598.23;En_Ruta'
[2026-04-22 13:07:05] | Línea 4003 | ERROR: Destino vacío | Contenido: '5003;;2198.61;Retrasado'
[2026-04-22 13:07:05] | Línea 4012 | ERROR: Número incorrecto de campos. Se esperaban5campos separados por ';'. | Contenido: '5012;Málaga;322.41;En_Almacén;EXTRA_CAMPO'
[2026-04-22 13:07:05] | Línea 4014 | ERROR: Kilos no es un número válido: '??' | Contenido: '5014;Badajoz;??;Entregado'
[2026-04-22 13:07:05] | Línea 4019 | ERROR: Destino vacío | Contenido: '5019;;3153.61;Cancelado'
[2026-04-22 13:07:05] | Línea 4024 | ERROR: Kilos no es un número válido: 'ERROR_PESO' | Contenido: '5024;Santa_Cruz;ERROR_PESO;Entregado'
[2026-04-22 13:07:05] | Línea 4028 | ERROR: Kilos no es un número válido: 'SENSOR_FAIL' | Contenido: '5028;Cuenca;SENSOR_FAIL;Retrasado'
[2026-04-22 13:07:05] | Línea 4064 | ERROR: Destino vacío | Contenido: '5064;;3855.54;En_Almacén'
[2026-04-22 13:07:05] | Línea 4099 | ERROR: Número incorrecto de campos. Se esperaban5campos separados por ';'. | Contenido: '5099;Alicante;3247.86;Pendiente;EXTRA_CAMPO'
[2026-04-22 13:07:05] | Línea 4102 | ERROR: Destino vacío | Contenido: '5102;;3202.24;Entregado'
[2026-04-22 13:07:05] | Línea 4178 | ERROR: Destino vacío | Contenido: '5178;;4429.86;Devuelto'
[2026-04-22 13:07:05] | Línea 4182 | ERROR: Kilos no es un número válido: '---' | Contenido: '5182;Jaén;---;Pendiente'
[2026-04-22 13:07:05] | Línea 4188 | ERROR: Kilos no es un número válido: '??' | Contenido: '5188;Huelva;??;Pendiente'
[2026-04-22 13:07:05] | Línea 4192 | ERROR: Kilos no es un número válido: '---' | Contenido: '5192;Fuenlabrada;---;Devuelto'
[2026-04-22 13:07:05] | Línea 4206 | ERROR: Número incorrecto de campos. Se esperaban5campos separados por ';'. | Contenido: '5206;Ávila;1455.25;Pendiente;EXTRA_CAMPO'
[2026-04-22 13:07:05] | Línea 4212 | ERROR: Kilos no es un número válido: 'ERROR_PESO' | Contenido: '5212;Málaga;ERROR_PESO;Entregado'
[2026-04-22 13:07:05] | Línea 4219 | ERROR: Kilos no es un número válido: '---' | Contenido: '5219;Valencia;---;Devuelto'
[2026-04-22 13:07:05] | Línea 4224 | ERROR: Kilos no es un número válido: 'ERROR_PESO' | Contenido: '5224;Jaén;ERROR_PESO;En_Ruta'
[2026-04-22 13:07:05] | Línea 4262 | ERROR: Kilos no es un número válido: 'N/A' | Contenido: '5262;Móstoles;N/A;Entregado'
[2026-04-22 13:07:05] | Línea 4267 | ERROR: Destino vacío | Contenido: '5267;;2626.02;En_Ruta'
[2026-04-22 13:07:05] | Línea 4274 | ERROR: Kilos no es un número válido: 'N/A' | Contenido: '5274;Córdoba;N/A;En_Ruta'
[2026-04-22 13:07:05] | Línea 4285 | ERROR: Número incorrecto de campos. Se esperaban5campos separados por ';'. | Contenido: '5285;Murcia;3024.71;En_Almacén;EXTRA_CAMPO'
[2026-04-22 13:07:05] | Línea 4302 | ERROR: Número incorrecto de campos. Se esperaban5campos separados por ';'. | Contenido: '5302;Murcia;1187.57;Retrasado;EXTRA_CAMPO'
[2026-04-22 13:07:05] | Línea 4332 | ERROR: Número incorrecto de campos. Se esperaban5campos separados por ';'. | Contenido: '5332;Elche;808.29;En_Ruta;EXTRA_CAMPO'
[2026-04-22 13:07:05] | Línea 4355 | ERROR: Kilos no es un número válido: '??' | Contenido: '5355;Córdoba;??;En_Ruta'
[2026-04-22 13:07:05] | Línea 4388 | ERROR: Kilos no es un número válido: '??' | Contenido: '5388;Elche;??;Retrasado'
[2026-04-22 13:07:05] | Línea 4398 | ERROR: ID de envío vacío | Contenido: ';;249.5;Pendiente'
[2026-04-22 13:07:05] | Línea 4416 | ERROR: ID de envío vacío | Contenido: ';;2785.0;Retrasado'
[2026-04-22 13:07:05] | Línea 4418 | ERROR: Kilos debe ser un número positivo mayor que cero | Contenido: '5418;Albacete;-2168.01;En_Ruta'
[2026-04-22 13:07:05] | Línea 4435 | ERROR: Kilos no es un número válido: 'null' | Contenido: '5435;Móstoles;null;Pendiente'
[2026-04-22 13:07:05] | Línea 4452 | ERROR: Kilos no es un número válido: 'OVERFLOW' | Contenido: '5452;Leganés;OVERFLOW;En_Almacén'
[2026-04-22 13:07:05] | Línea 4465 | ERROR: Kilos no es un número válido: 'null' | Contenido: '5465;Albacete;null;Entregado'
[2026-04-22 13:07:05] | Línea 4470 | ERROR: Kilos debe ser un número positivo mayor que cero | Contenido: '5470;Madrid;-2148.1;Pendiente'
[2026-04-22 13:07:05] | Línea 4475 | ERROR: Kilos no es un número válido: 'null' | Contenido: '5475;Segovia;null;En_Almacén'
[2026-04-22 13:07:05] | Línea 4484 | ERROR: ID de envío vacío | Contenido: ';;986.36;Entregado'
[2026-04-22 13:07:05] | Línea 4488 | ERROR: Kilos no es un número válido: 'ERROR_PESO' | Contenido: '5488;Elche;ERROR_PESO;En_Almacén'
[2026-04-22 13:07:05] | Línea 4529 | ERROR: Kilos debe ser un número positivo mayor que cero | Contenido: '5529;Huelva;-1119.76;Retrasado'
[2026-04-22 13:07:05] | Línea 4558 | ERROR: Kilos no es un número válido: '---' | Contenido: '5558;Cartagena;---;Entregado'
[2026-04-22 13:07:05] | Línea 4579 | ERROR: Kilos no es un número válido: '??' | Contenido: '5579;Segovia;??;Cancelado'
[2026-04-22 13:07:05] | Línea 4581 | ERROR: Destino vacío | Contenido: '5581;;4919.04;En_Ruta'
[2026-04-22 13:07:05] | Línea 4600 | ERROR: Kilos no es un número válido: 'ERROR_PESO' | Contenido: '5600;Ourense;ERROR_PESO;Retrasado'
[2026-04-22 13:07:05] | Línea 4642 | ERROR: Kilos no es un número válido: '---' | Contenido: '5642;Jerez;---;Retrasado'
[2026-04-22 13:07:05] | Línea 4679 | ERROR: Kilos no es un número válido: 'null' | Contenido: '5679;Tarragona;null;Cancelado'
[2026-04-22 13:07:05] | Línea 4687 | ERROR: Número incorrecto de campos. Se esperaban5campos separados por ';'. | Contenido: '5687;Almería;2873.19;Entregado;EXTRA_CAMPO'
[2026-04-22 13:07:05] | Línea 4703 | ERROR: Kilos no es un número válido: 'N/A' | Contenido: '5703;Málaga;N/A;Cancelado'
[2026-04-22 13:07:05] | Línea 4724 | ERROR: Kilos no es un número válido: '??' | Contenido: '5724;Palma;??;En_Ruta'
[2026-04-22 13:07:05] | Línea 4731 | ERROR: Destino vacío | Contenido: '5731;;2950.81;Retrasado'
[2026-04-22 13:07:05] | Línea 4754 | ERROR: Destino vacío | Contenido: '5754;;4788.7;Entregado'
[2026-04-22 13:07:05] | Línea 4758 | ERROR: Kilos no es un número válido: 'N/A' | Contenido: '5758;Jaén;N/A;Entregado'
[2026-04-22 13:07:05] | Línea 4762 | ERROR: Kilos no es un número válido: '---' | Contenido: '5762;Zaragoza;---;Cancelado'
[2026-04-22 13:07:05] | Línea 4767 | ERROR: Destino vacío | Contenido: '5767;;3162.46;En_Almacén'
[2026-04-22 13:07:05] | Línea 4782 | ERROR: Destino vacío | Contenido: '5782;;2179.59;En_Almacén'
[2026-04-22 13:07:05] | Línea 4785 | ERROR: Kilos debe ser un número positivo mayor que cero | Contenido: '5785;Las_Palmas;-4083.87;En_Ruta'
[2026-04-22 13:07:05] | Línea 4793 | ERROR: ID de envío vacío | Contenido: ';;2608.04;Retrasado'
[2026-04-22 13:07:05] | Línea 4794 | ERROR: Número incorrecto de campos. Se esperaban5campos separados por ';'. | Contenido: '5794;Oviedo;4347.07;Retrasado;EXTRA_CAMPO'
[2026-04-22 13:07:05] | Línea 4804 | ERROR: Destino vacío | Contenido: '5804;;260.78;Entregado'
[2026-04-22 13:07:05] | Línea 4817 | ERROR: Destino vacío | Contenido: '5817;;4537.88;Pendiente'
[2026-04-22 13:07:05] | Línea 4822 | ERROR: ID de envío vacío | Contenido: ';;4771.3;En_Almacén'
[2026-04-22 13:07:05] | Línea 4824 | ERROR: Kilos no es un número válido: 'SENSOR_FAIL' | Contenido: '5824;Las_Palmas;SENSOR_FAIL;Cancelado'
[2026-04-22 13:07:05] | Línea 4829 | ERROR: Destino vacío | Contenido: '5829;;4144.99;Cancelado'
[2026-04-22 13:07:05] | Línea 4844 | ERROR: Número incorrecto de campos. Se esperaban5campos separados por ';'. | Contenido: '5844;Toledo;430.13;Devuelto;EXTRA_CAMPO'
[2026-04-22 13:07:05] | Línea 4856 | ERROR: Kilos no es un número válido: 'N/A' | Contenido: '5856;Badalona;N/A;Retrasado'
[2026-04-22 13:07:05] | Línea 4864 | ERROR: Destino vacío | Contenido: '5864;;4065.83;Devuelto'
[2026-04-22 13:07:05] | Línea 4892 | ERROR: Kilos no es un número válido: 'SENSOR_FAIL' | Contenido: '5892;Terrassa;SENSOR_FAIL;En_Ruta'
[2026-04-22 13:07:05] | Línea 4905 | ERROR: ID de envío vacío | Contenido: ';;455.16;Entregado'
[2026-04-22 13:07:05] | Línea 4916 | ERROR: Kilos no es un número válido: '??' | Contenido: '5916;Cuenca;??;Cancelado'
[2026-04-22 13:07:05] | Línea 4957 | ERROR: Kilos no es un número válido: 'ERROR_PESO' | Contenido: '5957;Zaragoza;ERROR_PESO;Retrasado'
[2026-04-22 13:07:05] | Línea 4964 | ERROR: Kilos no es un número válido: 'OVERFLOW' | Contenido: '5964;Barcelona;OVERFLOW;Entregado'
[2026-04-22 13:07:05] | Línea 4969 | ERROR: Kilos no es un número válido: 'OVERFLOW' | Contenido: '5969;Huelva;OVERFLOW;Cancelado'
[2026-04-22 13:07:05] | Línea 4976 | ERROR: Kilos no es un número válido: 'OVERFLOW' | Contenido: '5976;Murcia;OVERFLOW;En_Almacén'
[2026-04-22 13:07:05] | Línea 4988 | ERROR: Kilos no es un número válido: 'OVERFLOW' | Contenido: '5988;Toledo;OVERFLOW;Retrasado'
[2026-04-22 13:07:05] | Línea 4993 | ERROR: Destino vacío | Contenido: '5993;;3853.41;Devuelto'
[2026-04-22 13:07:05] | Línea 4994 | ERROR: ID de envío vacío | Contenido: ';;3619.59;Cancelado'
[2026-04-22 13:07:05] | Línea 4997 | ERROR: Número incorrecto de campos. Se esperaban5campos separados por ';'. | Contenido: '5997;Albacete;1582.14;Retrasado;EXTRA_CAMPO'
[2026-04-22 13:07:05] | Línea 5017 | ERROR: Destino vacío | Contenido: '6017;;2980.44;Entregado'
[2026-04-22 13:07:05] | Línea 5030 | ERROR: Kilos no es un número válido: '---' | Contenido: '6030;Hospitalet;---;Devuelto'
[2026-04-22 13:07:05] | Línea 5068 | ERROR: Kilos debe ser un número positivo mayor que cero | Contenido: '6068;Elche;-343.37;Retrasado'
[2026-04-22 13:07:05] | Línea 5069 | ERROR: Kilos no es un número válido: '---' | Contenido: '6069;Las_Palmas;---;En_Ruta'
[2026-04-22 13:07:05] | Línea 5089 | ERROR: Kilos debe ser un número positivo mayor que cero | Contenido: '6089;Huelva;-1473.14;Devuelto'
[2026-04-22 13:07:05] | Línea 5130 | ERROR: Kilos debe ser un número positivo mayor que cero | Contenido: '6130;Valladolid;-3553.52;Pendiente'
[2026-04-22 13:07:05] | Línea 5137 | ERROR: Destino vacío | Contenido: '6137;;2204.99;Entregado'
[2026-04-22 13:07:05] | Línea 5138 | ERROR: Kilos no es un número válido: 'OVERFLOW' | Contenido: '6138;Alicante;OVERFLOW;Entregado'
[2026-04-22 13:07:05] | Línea 5149 | ERROR: ID de envío vacío | Contenido: ';;1983.61;En_Almacén'
[2026-04-22 13:07:05] | Línea 5160 | ERROR: Kilos no es un número válido: 'null' | Contenido: '6160;Barcelona;null;Cancelado'
[2026-04-22 13:07:05] | Línea 5163 | ERROR: Kilos no es un número válido: 'OVERFLOW' | Contenido: '6163;Valladolid;OVERFLOW;Entregado'
[2026-04-22 13:07:05] | Línea 5211 | ERROR: Destino vacío | Contenido: '6211;;3687.94;En_Ruta'
[2026-04-22 13:07:05] | Línea 5214 | ERROR: Kilos no es un número válido: 'OVERFLOW' | Contenido: '6214;Palma;OVERFLOW;Devuelto'
[2026-04-22 13:07:05] | Línea 5215 | ERROR: Kilos no es un número válido: 'N/A' | Contenido: '6215;Terrassa;N/A;Retrasado'
[2026-04-22 13:07:05] | Línea 5226 | ERROR: Destino vacío | Contenido: '6226;;4398.46;Cancelado'
[2026-04-22 13:07:05] | Línea 5250 | ERROR: Destino vacío | Contenido: '6250;;4426.44;Entregado'
[2026-04-22 13:07:05] | Línea 5281 | ERROR: Destino vacío | Contenido: '6281;;2290.18;Pendiente'
[2026-04-22 13:07:05] | Línea 5285 | ERROR: Kilos no es un número válido: 'null' | Contenido: '6285;Terrassa;null;En_Almacén'
[2026-04-22 13:07:05] | Línea 5300 | ERROR: ID de envío vacío | Contenido: ';;3148.93;En_Almacén'
[2026-04-22 13:07:05] | Línea 5331 | ERROR: ID de envío vacío | Contenido: ';;4936.73;Devuelto'
[2026-04-22 13:07:05] | Línea 5345 | ERROR: ID de envío vacío | Contenido: ';;3377.71;Pendiente'
[2026-04-22 13:07:05] | Línea 5352 | ERROR: Kilos debe ser un número positivo mayor que cero | Contenido: '6352;Mérida;-38.84;Pendiente'
[2026-04-22 13:07:05] | Línea 5357 | ERROR: Kilos no es un número válido: 'ERROR_PESO' | Contenido: '6357;Gijón;ERROR_PESO;En_Almacén'
[2026-04-22 13:07:05] | Línea 5370 | ERROR: Kilos no es un número válido: 'N/A' | Contenido: '6370;Segovia;N/A;Pendiente'
[2026-04-22 13:07:05] | Línea 5375 | ERROR: Kilos no es un número válido: 'OVERFLOW' | Contenido: '6375;Móstoles;OVERFLOW;En_Ruta'
[2026-04-22 13:07:05] | Línea 5378 | ERROR: Kilos no es un número válido: 'ERROR_PESO' | Contenido: '6378;Terrassa;ERROR_PESO;Devuelto'
[2026-04-22 13:07:05] | Línea 5415 | ERROR: Destino vacío | Contenido: '6415;;3767.25;Pendiente'
[2026-04-22 13:07:05] | Línea 5418 | ERROR: Número incorrecto de campos. Se esperaban5campos separados por ';'. | Contenido: '6418;Cartagena;2202.71;Retrasado;EXTRA_CAMPO'
[2026-04-22 13:07:05] | Línea 5425 | ERROR: Kilos no es un número válido: 'ERROR_PESO' | Contenido: '6425;Leganés;ERROR_PESO;Cancelado'
[2026-04-22 13:07:05] | Línea 5438 | ERROR: Destino vacío | Contenido: '6438;;3203.03;En_Ruta'
[2026-04-22 13:07:05] | Línea 5439 | ERROR: Kilos no es un número válido: 'SENSOR_FAIL' | Contenido: '6439;Hospitalet;SENSOR_FAIL;Devuelto'
[2026-04-22 13:07:05] | Línea 5440 | ERROR: Destino vacío | Contenido: '6440;;920.8;Pendiente'
[2026-04-22 13:07:05] | Línea 5442 | ERROR: Kilos no es un número válido: 'null' | Contenido: '6442;Valencia;null;Cancelado'
[2026-04-22 13:07:05] | Línea 5444 | ERROR: Kilos no es un número válido: 'ERROR_PESO' | Contenido: '6444;Almería;ERROR_PESO;Cancelado'
[2026-04-22 13:07:05] | Línea 5455 | ERROR: Kilos no es un número válido: '??' | Contenido: '6455;Valladolid;??;Pendiente'
[2026-04-22 13:07:05] | Línea 5466 | ERROR: Destino vacío | Contenido: '6466;;2667.65;En_Ruta'
[2026-04-22 13:07:05] | Línea 5467 | ERROR: Kilos no es un número válido: 'null' | Contenido: '6467;Santa_Cruz;null;Entregado'
[2026-04-22 13:07:05] | Línea 5472 | ERROR: ID de envío vacío | Contenido: ';;1661.77;Devuelto'
[2026-04-22 13:07:05] | Línea 5479 | ERROR: Kilos no es un número válido: '---' | Contenido: '6479;Ávila;---;En_Almacén'
[2026-04-22 13:07:05] | Línea 5497 | ERROR: Kilos no es un número válido: 'N/A' | Contenido: '6497;Santander;N/A;Retrasado'
[2026-04-22 13:07:05] | Línea 5504 | ERROR: Kilos no es un número válido: '??' | Contenido: '6504;Vitoria;??;Cancelado'
[2026-04-22 13:07:05] | Línea 5520 | ERROR: Kilos no es un número válido: 'null' | Contenido: '6520;Vitoria;null;Pendiente'
[2026-04-22 13:07:05] | Línea 5537 | ERROR: Kilos no es un número válido: 'N/A' | Contenido: '6537;Valladolid;N/A;Pendiente'
[2026-04-22 13:07:05] | Línea 5550 | ERROR: Kilos no es un número válido: '??' | Contenido: '6550;Vitoria;??;Retrasado'
[2026-04-22 13:07:05] | Línea 5577 | ERROR: Destino vacío | Contenido: '6577;;2348.56;En_Almacén'
[2026-04-22 13:07:05] | Línea 5614 | ERROR: Destino vacío | Contenido: '6614;;3753.97;Pendiente'
[2026-04-22 13:07:05] | Línea 5615 | ERROR: Destino vacío | Contenido: '6615;;2664.83;Devuelto'
[2026-04-22 13:07:05] | Línea 5629 | ERROR: Destino vacío | Contenido: '6629;;3019.44;Pendiente'
[2026-04-22 13:07:05] | Línea 5641 | ERROR: Kilos no es un número válido: 'ERROR_PESO' | Contenido: '6641;Sabadell;ERROR_PESO;En_Almacén'
[2026-04-22 13:07:05] | Línea 5646 | ERROR: Kilos no es un número válido: 'N/A' | Contenido: '6646;Córdoba;N/A;En_Almacén'
[2026-04-22 13:07:05] | Línea 5653 | ERROR: Kilos no es un número válido: '---' | Contenido: '6653;Zaragoza;---;Devuelto'
[2026-04-22 13:07:05] | Línea 5694 | ERROR: ID de envío vacío | Contenido: ';;3876.75;Retrasado'
[2026-04-22 13:07:05] | Línea 5696 | ERROR: Kilos no es un número válido: 'N/A' | Contenido: '6696;Logroño;N/A;Pendiente'
[2026-04-22 13:07:05] | Línea 5697 | ERROR: Destino vacío | Contenido: '6697;;4475.9;En_Ruta'
[2026-04-22 13:07:05] | Línea 5711 | ERROR: Kilos no es un número válido: '---' | Contenido: '6711;Elche;---;Cancelado'
[2026-04-22 13:07:05] | Línea 5735 | ERROR: Kilos debe ser un número positivo mayor que cero | Contenido: '6735;Elche;-4763.08;Entregado'
[2026-04-22 13:07:05] | Línea 5761 | ERROR: Kilos no es un número válido: '??' | Contenido: '6761;Segovia;??;En_Almacén'
[2026-04-22 13:07:05] | Línea 5770 | ERROR: Destino vacío | Contenido: '6770;;4734.43;Entregado'
[2026-04-22 13:07:05] | Línea 5796 | ERROR: Número incorrecto de campos. Se esperaban5campos separados por ';'. | Contenido: '6796;Elche;816.39;Pendiente;EXTRA_CAMPO'
[2026-04-22 13:07:05] | Línea 5805 | ERROR: Número incorrecto de campos. Se esperaban5campos separados por ';'. | Contenido: '6805;Pamplona;4281.31;Cancelado;EXTRA_CAMPO'
[2026-04-22 13:07:05] | Línea 5809 | ERROR: ID de envío vacío | Contenido: ';;318.72;Cancelado'
[2026-04-22 13:07:05] | Línea 5810 | ERROR: ID de envío vacío | Contenido: ';;615.73;En_Ruta'
[2026-04-22 13:07:05] | Línea 5813 | ERROR: Kilos no es un número válido: 'null' | Contenido: '6813;Ourense;null;Entregado'
[2026-04-22 13:07:05] | Línea 5821 | ERROR: Kilos no es un número válido: 'OVERFLOW' | Contenido: '6821;León;OVERFLOW;Cancelado'
[2026-04-22 13:07:05] | Línea 5862 | ERROR: Kilos no es un número válido: 'ERROR_PESO' | Contenido: '6862;Toledo;ERROR_PESO;Devuelto'
[2026-04-22 13:07:05] | Línea 5865 | ERROR: Destino vacío | Contenido: '6865;;3313.15;Cancelado'
[2026-04-22 13:07:05] | Línea 5875 | ERROR: Número incorrecto de campos. Se esperaban5campos separados por ';'. | Contenido: '6875;Badalona;4386.09;Pendiente;EXTRA_CAMPO'
[2026-04-22 13:07:05] | Línea 5898 | ERROR: Kilos no es un número válido: 'null' | Contenido: '6898;Logroño;null;En_Almacén'
[2026-04-22 13:07:05] | Línea 5909 | ERROR: Kilos no es un número válido: 'N/A' | Contenido: '6909;Málaga;N/A;Entregado'
[2026-04-22 13:07:05] | Línea 5923 | ERROR: Destino vacío | Contenido: '6923;;1557.72;Devuelto'
[2026-04-22 13:07:05] | Línea 5930 | ERROR: Destino vacío | Contenido: '6930;;2526.61;Cancelado'
[2026-04-22 13:07:05] | Línea 5933 | ERROR: Destino vacío | Contenido: '6933;;2542.16;Retrasado'
[2026-04-22 13:07:05] | Línea 5935 | ERROR: ID de envío vacío | Contenido: ';;1095.7;Cancelado'
[2026-04-22 13:07:05] | Línea 5938 | ERROR: Destino vacío | Contenido: '6938;;277.82;Pendiente'
[2026-04-22 13:07:05] | Línea 5969 | ERROR: ID de envío vacío | Contenido: ';;1019.2;En_Almacén'
[2026-04-22 13:07:05] | Línea 5982 | ERROR: Destino vacío | Contenido: '6982;;16.92;Devuelto'
[2026-04-22 13:07:05] | Línea 6015 | ERROR: Destino vacío | Contenido: '7015;;4318.25;Devuelto'
[2026-04-22 13:07:05] | Línea 6023 | ERROR: Destino vacío | Contenido: '7023;;4091.82;Pendiente'
[2026-04-22 13:07:05] | Línea 6029 | ERROR: Destino vacío | Contenido: '7029;;2158.65;En_Almacén'
[2026-04-22 13:07:05] | Línea 6063 | ERROR: Kilos debe ser un número positivo mayor que cero | Contenido: '7063;Badalona;-2720.86;Retrasado'
[2026-04-22 13:07:05] | Línea 6074 | ERROR: Destino vacío | Contenido: '7074;;2407.29;En_Ruta'
[2026-04-22 13:07:05] | Línea 6076 | ERROR: Destino vacío | Contenido: '7076;;3396.51;Entregado'
[2026-04-22 13:07:05] | Línea 6085 | ERROR: Número incorrecto de campos. Se esperaban5campos separados por ';'. | Contenido: '7085;Jaén;2707.61;En_Ruta;EXTRA_CAMPO'
[2026-04-22 13:07:05] | Línea 6113 | ERROR: Kilos no es un número válido: 'N/A' | Contenido: '7113;Murcia;N/A;Devuelto'
[2026-04-22 13:07:05] | Línea 6117 | ERROR: ID de envío vacío | Contenido: ';;1538.52;Devuelto'
[2026-04-22 13:07:05] | Línea 6136 | ERROR: Kilos no es un número válido: 'N/A' | Contenido: '7136;Santa_Cruz;N/A;En_Ruta'
[2026-04-22 13:07:05] | Línea 6141 | ERROR: ID de envío vacío | Contenido: ';;3289.63;Pendiente'
[2026-04-22 13:07:05] | Línea 6165 | ERROR: Kilos debe ser un número positivo mayor que cero | Contenido: '7165;Vigo;-2953.66;Entregado'
[2026-04-22 13:07:05] | Línea 6166 | ERROR: Kilos no es un número válido: 'N/A' | Contenido: '7166;Vitoria;N/A;Cancelado'
[2026-04-22 13:07:05] | Línea 6185 | ERROR: Kilos no es un número válido: '---' | Contenido: '7185;Almería;---;Pendiente'
[2026-04-22 13:07:05] | Línea 6190 | ERROR: ID de envío vacío | Contenido: ';;4359.71;Cancelado'
[2026-04-22 13:07:05] | Línea 6206 | ERROR: Número incorrecto de campos. Se esperaban5campos separados por ';'. | Contenido: '7206;Murcia;3769.24;Entregado;EXTRA_CAMPO'
[2026-04-22 13:07:05] | Línea 6227 | ERROR: Kilos no es un número válido: 'ERROR_PESO' | Contenido: '7227;Cuenca;ERROR_PESO;Retrasado'
[2026-04-22 13:07:05] | Línea 6238 | ERROR: Número incorrecto de campos. Se esperaban5campos separados por ';'. | Contenido: '7238;Barcelona;2877.6;En_Ruta;EXTRA_CAMPO'
[2026-04-22 13:07:05] | Línea 6249 | ERROR: Número incorrecto de campos. Se esperaban5campos separados por ';'. | Contenido: '7249;Logroño;4843.37;Devuelto;EXTRA_CAMPO'
[2026-04-22 13:07:05] | Línea 6265 | ERROR: ID de envío vacío | Contenido: ';;2666.04;Pendiente'
[2026-04-22 13:07:05] | Línea 6272 | ERROR: Destino vacío | Contenido: '7272;;2820.16;Devuelto'
[2026-04-22 13:07:05] | Línea 6296 | ERROR: Kilos no es un número válido: 'SENSOR_FAIL' | Contenido: '7296;Valencia;SENSOR_FAIL;Entregado'
[2026-04-22 13:07:05] | Línea 6297 | ERROR: Kilos no es un número válido: 'SENSOR_FAIL' | Contenido: '7297;Vitoria;SENSOR_FAIL;Entregado'
[2026-04-22 13:07:05] | Línea 6347 | ERROR: Kilos debe ser un número positivo mayor que cero | Contenido: '7347;Fuenlabrada;-1661.65;Devuelto'
[2026-04-22 13:07:05] | Línea 6361 | ERROR: ID de envío vacío | Contenido: ';;2618.92;Retrasado'
[2026-04-22 13:07:05] | Línea 6363 | ERROR: Kilos no es un número válido: 'ERROR_PESO' | Contenido: '7363;Málaga;ERROR_PESO;En_Ruta'
[2026-04-22 13:07:05] | Línea 6384 | ERROR: Kilos no es un número válido: 'ERROR_PESO' | Contenido: '7384;Sabadell;ERROR_PESO;Pendiente'
[2026-04-22 13:07:05] | Línea 6386 | ERROR: ID de envío vacío | Contenido: ';;95.91;En_Ruta'
[2026-04-22 13:07:05] | Línea 6392 | ERROR: Número incorrecto de campos. Se esperaban5campos separados por ';'. | Contenido: '7392;Badalona;4353.84;Pendiente;EXTRA_CAMPO'
[2026-04-22 13:07:05] | Línea 6404 | ERROR: Número incorrecto de campos. Se esperaban5campos separados por ';'. | Contenido: '7404;Gijón;2267.52;Cancelado;EXTRA_CAMPO'
[2026-04-22 13:07:05] | Línea 6425 | ERROR: Kilos no es un número válido: 'N/A' | Contenido: '7425;Cartagena;N/A;Retrasado'
[2026-04-22 13:07:05] | Línea 6433 | ERROR: Kilos no es un número válido: 'OVERFLOW' | Contenido: '7433;Murcia;OVERFLOW;Entregado'
[2026-04-22 13:07:05] | Línea 6434 | ERROR: Kilos debe ser un número positivo mayor que cero | Contenido: '7434;Cádiz;-401.0;En_Ruta'
[2026-04-22 13:07:05] | Línea 6445 | ERROR: Kilos no es un número válido: '??' | Contenido: '7445;Málaga;??;En_Almacén'
[2026-04-22 13:07:05] | Línea 6498 | ERROR: Kilos no es un número válido: '??' | Contenido: '7498;Santa_Cruz;??;En_Almacén'
[2026-04-22 13:07:05] | Línea 6504 | ERROR: Número incorrecto de campos. Se esperaban5campos separados por ';'. | Contenido: '7504;Málaga;4182.15;Cancelado;EXTRA_CAMPO'
[2026-04-22 13:07:05] | Línea 6527 | ERROR: Destino vacío | Contenido: '7527;;4137.89;En_Almacén'
[2026-04-22 13:07:05] | Línea 6539 | ERROR: Kilos debe ser un número positivo mayor que cero | Contenido: '7539;Toledo;-338.69;Pendiente'
[2026-04-22 13:07:05] | Línea 6542 | ERROR: Kilos no es un número válido: 'null' | Contenido: '7542;Pamplona;null;Retrasado'
[2026-04-22 13:07:05] | Línea 6547 | ERROR: Kilos debe ser un número positivo mayor que cero | Contenido: '7547;Granada;-3257.26;Devuelto'
[2026-04-22 13:07:05] | Línea 6568 | ERROR: ID de envío vacío | Contenido: ';;4973.19;Entregado'
[2026-04-22 13:07:05] | Línea 6573 | ERROR: ID de envío vacío | Contenido: ';;4843.61;Pendiente'
[2026-04-22 13:07:05] | Línea 6574 | ERROR: Kilos no es un número válido: '---' | Contenido: '7574;Salamanca;---;En_Almacén'
[2026-04-22 13:07:05] | Línea 6579 | ERROR: Número incorrecto de campos. Se esperaban5campos separados por ';'. | Contenido: '7579;Badajoz;1717.62;Entregado;EXTRA_CAMPO'
[2026-04-22 13:07:05] | Línea 6583 | ERROR: Número incorrecto de campos. Se esperaban5campos separados por ';'. | Contenido: '7583;Gijón;2054.87;Pendiente;EXTRA_CAMPO'
[2026-04-22 13:07:05] | Línea 6598 | ERROR: ID de envío vacío | Contenido: ';;3118.38;Retrasado'
[2026-04-22 13:07:05] | Línea 6625 | ERROR: Número incorrecto de campos. Se esperaban5campos separados por ';'. | Contenido: '7625;Valencia;88.95;Retrasado;EXTRA_CAMPO'
[2026-04-22 13:07:05] | Línea 6630 | ERROR: Destino vacío | Contenido: '7630;;354.08;Entregado'
[2026-04-22 13:07:05] | Línea 6635 | ERROR: Kilos no es un número válido: 'N/A' | Contenido: '7635;Toledo;N/A;Pendiente'
[2026-04-22 13:07:05] | Línea 6639 | ERROR: Kilos no es un número válido: '??' | Contenido: '7639;Lleida;??;Devuelto'
[2026-04-22 13:07:05] | Línea 6648 | ERROR: Kilos no es un número válido: 'null' | Contenido: '7648;Santander;null;En_Almacén'
[2026-04-22 13:07:05] | Línea 6692 | ERROR: Destino vacío | Contenido: '7692;;4071.17;Pendiente'
[2026-04-22 13:07:05] | Línea 6699 | ERROR: ID de envío vacío | Contenido: ';;585.38;En_Ruta'
[2026-04-22 13:07:05] | Línea 6733 | ERROR: Kilos no es un número válido: 'N/A' | Contenido: '7733;Cuenca;N/A;Pendiente'
[2026-04-22 13:07:05] | Línea 6740 | ERROR: Destino vacío | Contenido: '7740;;1396.44;Pendiente'
[2026-04-22 13:07:05] | Línea 6766 | ERROR: Kilos no es un número válido: '---' | Contenido: '7766;Zaragoza;---;Pendiente'
[2026-04-22 13:07:05] | Línea 6771 | ERROR: Kilos debe ser un número positivo mayor que cero | Contenido: '7771;Fuenlabrada;-1437.38;Retrasado'
[2026-04-22 13:07:05] | Línea 6818 | ERROR: Destino vacío | Contenido: '7818;;2892.94;Entregado'
[2026-04-22 13:07:05] | Línea 6820 | ERROR: Kilos debe ser un número positivo mayor que cero | Contenido: '7820;Cádiz;-860.2;Retrasado'
[2026-04-22 13:07:05] | Línea 6822 | ERROR: ID de envío vacío | Contenido: ';;2052.7;Retrasado'
[2026-04-22 13:07:05] | Línea 6823 | ERROR: Kilos debe ser un número positivo mayor que cero | Contenido: '7823;Salamanca;-4697.22;En_Almacén'
[2026-04-22 13:07:05] | Línea 6857 | ERROR: Kilos no es un número válido: 'SENSOR_FAIL' | Contenido: '7857;Cartagena;SENSOR_FAIL;Pendiente'
[2026-04-22 13:07:05] | Línea 6861 | ERROR: Kilos debe ser un número positivo mayor que cero | Contenido: '7861;Vitoria;-3286.11;Retrasado'
[2026-04-22 13:07:05] | Línea 6864 | ERROR: Kilos no es un número válido: 'ERROR_PESO' | Contenido: '7864;Barcelona;ERROR_PESO;Entregado'
[2026-04-22 13:07:05] | Línea 6873 | ERROR: Destino vacío | Contenido: '7873;;4315.78;En_Almacén'
[2026-04-22 13:07:05] | Línea 6882 | ERROR: Número incorrecto de campos. Se esperaban5campos separados por ';'. | Contenido: '7882;Sabadell;3065.05;En_Almacén;EXTRA_CAMPO'
[2026-04-22 13:07:05] | Línea 6887 | ERROR: Kilos debe ser un número positivo mayor que cero | Contenido: '7887;Murcia;-3051.58;Cancelado'
[2026-04-22 13:07:05] | Línea 6913 | ERROR: Kilos no es un número válido: 'OVERFLOW' | Contenido: '7913;Segovia;OVERFLOW;En_Almacén'
[2026-04-22 13:07:05] | Línea 6915 | ERROR: ID de envío vacío | Contenido: ';;3316.83;Retrasado'
[2026-04-22 13:07:05] | Línea 6936 | ERROR: Kilos no es un número válido: '??' | Contenido: '7936;Mérida;??;Retrasado'
[2026-04-22 13:07:05] | Línea 6943 | ERROR: ID de envío vacío | Contenido: ';;1041.87;En_Almacén'
[2026-04-22 13:07:05] | Línea 6948 | ERROR: ID de envío vacío | Contenido: ';;2024.19;En_Almacén'
[2026-04-22 13:07:05] | Línea 6949 | ERROR: ID de envío vacío | Contenido: ';;3414.74;Entregado'
[2026-04-22 13:07:05] | Línea 6953 | ERROR: Kilos no es un número válido: 'null' | Contenido: '7953;Almería;null;En_Ruta'
[2026-04-22 13:07:05] | Línea 6954 | ERROR: Kilos debe ser un número positivo mayor que cero | Contenido: '7954;Zaragoza;-253.15;En_Ruta'
[2026-04-22 13:07:05] | Línea 6964 | ERROR: Kilos no es un número válido: 'SENSOR_FAIL' | Contenido: '7964;Vigo;SENSOR_FAIL;En_Ruta'
[2026-04-22 13:07:05] | Línea 6990 | ERROR: Kilos no es un número válido: 'null' | Contenido: '7990;Sabadell;null;Pendiente'
[2026-04-22 13:07:05] | Línea 7033 | ERROR: Destino vacío | Contenido: '8033;;1179.25;Pendiente'
[2026-04-22 13:07:05] | Línea 7037 | ERROR: ID de envío vacío | Contenido: ';;3548.78;Pendiente'
[2026-04-22 13:07:05] | Línea 7053 | ERROR: Kilos no es un número válido: 'N/A' | Contenido: '8053;Las_Palmas;N/A;Devuelto'
[2026-04-22 13:07:05] | Línea 7064 | ERROR: Kilos no es un número válido: 'OVERFLOW' | Contenido: '8064;Cádiz;OVERFLOW;Devuelto'
[2026-04-22 13:07:05] | Línea 7091 | ERROR: Kilos debe ser un número positivo mayor que cero | Contenido: '8091;Cuenca;-4496.56;En_Almacén'
[2026-04-22 13:07:05] | Línea 7094 | ERROR: Kilos no es un número válido: 'SENSOR_FAIL' | Contenido: '8094;Valladolid;SENSOR_FAIL;En_Ruta'
[2026-04-22 13:07:05] | Línea 7106 | ERROR: Destino vacío | Contenido: '8106;;415.26;Devuelto'
[2026-04-22 13:07:05] | Línea 7118 | ERROR: Kilos no es un número válido: 'N/A' | Contenido: '8118;Mérida;N/A;Devuelto'
[2026-04-22 13:07:05] | Línea 7128 | ERROR: Kilos no es un número válido: 'null' | Contenido: '8128;León;null;Pendiente'
[2026-04-22 13:07:05] | Línea 7131 | ERROR: Kilos no es un número válido: 'null' | Contenido: '8131;Terrassa;null;En_Ruta'
[2026-04-22 13:07:05] | Línea 7148 | ERROR: Kilos no es un número válido: 'OVERFLOW' | Contenido: '8148;Terrassa;OVERFLOW;Pendiente'
[2026-04-22 13:07:05] | Línea 7157 | ERROR: Destino vacío | Contenido: '8157;;439.38;Retrasado'
[2026-04-22 13:07:05] | Línea 7170 | ERROR: Destino vacío | Contenido: '8170;;4927.28;En_Ruta'
[2026-04-22 13:07:05] | Línea 7193 | ERROR: Destino vacío | Contenido: '8193;;3942.1;Pendiente'
[2026-04-22 13:07:05] | Línea 7210 | ERROR: Kilos debe ser un número positivo mayor que cero | Contenido: '8210;Sevilla;-2162.03;En_Almacén'
[2026-04-22 13:07:05] | Línea 7233 | ERROR: Destino vacío | Contenido: '8233;;3964.1;En_Ruta'
[2026-04-22 13:07:05] | Línea 7246 | ERROR: Destino vacío | Contenido: '8246;;278.45;Entregado'
[2026-04-22 13:07:05] | Línea 7285 | ERROR: Destino vacío | Contenido: '8285;;4816.9;Pendiente'
[2026-04-22 13:07:05] | Línea 7295 | ERROR: Kilos no es un número válido: '---' | Contenido: '8295;Huelva;---;Entregado'
[2026-04-22 13:07:05] | Línea 7302 | ERROR: Destino vacío | Contenido: '8302;;720.52;Retrasado'
[2026-04-22 13:07:05] | Línea 7306 | ERROR: Destino vacío | Contenido: '8306;;712.55;Devuelto'
[2026-04-22 13:07:05] | Línea 7307 | ERROR: ID de envío vacío | Contenido: ';;2091.65;Pendiente'
[2026-04-22 13:07:05] | Línea 7312 | ERROR: Kilos no es un número válido: 'SENSOR_FAIL' | Contenido: '8312;Badalona;SENSOR_FAIL;En_Almacén'
[2026-04-22 13:07:05] | Línea 7340 | ERROR: Kilos debe ser un número positivo mayor que cero | Contenido: '8340;Lugo;-3998.34;En_Ruta'
[2026-04-22 13:07:05] | Línea 7341 | ERROR: Destino vacío | Contenido: '8341;;1277.7;Entregado'
[2026-04-22 13:07:05] | Línea 7356 | ERROR: Kilos no es un número válido: 'OVERFLOW' | Contenido: '8356;Elche;OVERFLOW;En_Almacén'
[2026-04-22 13:07:05] | Línea 7361 | ERROR: Kilos no es un número válido: '---' | Contenido: '8361;Salamanca;---;En_Almacén'
[2026-04-22 13:07:05] | Línea 7364 | ERROR: Kilos debe ser un número positivo mayor que cero | Contenido: '8364;Vigo;-1269.77;Devuelto'
[2026-04-22 13:07:05] | Línea 7387 | ERROR: Número incorrecto de campos. Se esperaban5campos separados por ';'. | Contenido: '8387;Granada;383.32;Devuelto;EXTRA_CAMPO'
[2026-04-22 13:07:05] | Línea 7398 | ERROR: Kilos no es un número válido: '---' | Contenido: '8398;Salamanca;---;Retrasado'
[2026-04-22 13:07:05] | Línea 7403 | ERROR: Número incorrecto de campos. Se esperaban5campos separados por ';'. | Contenido: '8403;Las_Palmas;4328.96;Entregado;EXTRA_CAMPO'
[2026-04-22 13:07:05] | Línea 7444 | ERROR: Destino vacío | Contenido: '8444;;3433.22;Cancelado'
[2026-04-22 13:07:05] | Línea 7447 | ERROR: Kilos no es un número válido: 'OVERFLOW' | Contenido: '8447;Santander;OVERFLOW;Devuelto'
[2026-04-22 13:07:05] | Línea 7459 | ERROR: Kilos no es un número válido: 'null' | Contenido: '8459;Hospitalet;null;En_Ruta'
[2026-04-22 13:07:05] | Línea 7473 | ERROR: Destino vacío | Contenido: '8473;;3860.89;En_Almacén'
[2026-04-22 13:07:05] | Línea 7518 | ERROR: Kilos no es un número válido: '??' | Contenido: '8518;Segovia;??;En_Ruta'
[2026-04-22 13:07:05] | Línea 7521 | ERROR: Destino vacío | Contenido: '8521;;3142.29;Pendiente'
[2026-04-22 13:07:05] | Línea 7529 | ERROR: Kilos no es un número válido: 'SENSOR_FAIL' | Contenido: '8529;Pamplona;SENSOR_FAIL;Devuelto'
[2026-04-22 13:07:05] | Línea 7530 | ERROR: Número incorrecto de campos. Se esperaban5campos separados por ';'. | Contenido: '8530;Oviedo;4554.68;En_Ruta;EXTRA_CAMPO'
[2026-04-22 13:07:05] | Línea 7544 | ERROR: Kilos debe ser un número positivo mayor que cero | Contenido: '8544;Córdoba;-513.43;Cancelado'
[2026-04-22 13:07:05] | Línea 7549 | ERROR: Kilos no es un número válido: 'OVERFLOW' | Contenido: '8549;Vitoria;OVERFLOW;Devuelto'
[2026-04-22 13:07:05] | Línea 7552 | ERROR: Kilos no es un número válido: 'OVERFLOW' | Contenido: '8552;Cuenca;OVERFLOW;Pendiente'
[2026-04-22 13:07:05] | Línea 7561 | ERROR: Destino vacío | Contenido: '8561;;2629.03;Entregado'
[2026-04-22 13:07:05] | Línea 7577 | ERROR: ID de envío vacío | Contenido: ';;1375.1;Retrasado'
[2026-04-22 13:07:05] | Línea 7595 | ERROR: Kilos no es un número válido: 'SENSOR_FAIL' | Contenido: '8595;Gijón;SENSOR_FAIL;Entregado'
[2026-04-22 13:07:05] | Línea 7627 | ERROR: Número incorrecto de campos. Se esperaban5campos separados por ';'. | Contenido: '8627;Fuenlabrada;367.53;Devuelto;EXTRA_CAMPO'
[2026-04-22 13:07:05] | Línea 7639 | ERROR: Kilos debe ser un número positivo mayor que cero | Contenido: '8639;Oviedo;-4332.5;En_Almacén'
[2026-04-22 13:07:05] | Línea 7651 | ERROR: ID de envío vacío | Contenido: ';;4894.45;En_Almacén'
[2026-04-22 13:07:05] | Línea 7672 | ERROR: Kilos no es un número válido: 'ERROR_PESO' | Contenido: '8672;Jaén;ERROR_PESO;Cancelado'
[2026-04-22 13:07:05] | Línea 7681 | ERROR: Número incorrecto de campos. Se esperaban5campos separados por ';'. | Contenido: '8681;Leganés;1267.29;Entregado;EXTRA_CAMPO'
[2026-04-22 13:07:05] | Línea 7684 | ERROR: Kilos debe ser un número positivo mayor que cero | Contenido: '8684;Oviedo;-4416.23;Retrasado'
[2026-04-22 13:07:05] | Línea 7689 | ERROR: Kilos no es un número válido: 'OVERFLOW' | Contenido: '8689;Mérida;OVERFLOW;Pendiente'
[2026-04-22 13:07:05] | Línea 7704 | ERROR: Kilos no es un número válido: 'null' | Contenido: '8704;Bilbao;null;Cancelado'
[2026-04-22 13:07:05] | Línea 7710 | ERROR: Kilos no es un número válido: 'ERROR_PESO' | Contenido: '8710;Sevilla;ERROR_PESO;Devuelto'
[2026-04-22 13:07:05] | Línea 7720 | ERROR: Kilos debe ser un número positivo mayor que cero | Contenido: '8720;Santander;-2009.83;Retrasado'
[2026-04-22 13:07:05] | Línea 7746 | ERROR: Kilos no es un número válido: 'OVERFLOW' | Contenido: '8746;Sevilla;OVERFLOW;Pendiente'
[2026-04-22 13:07:05] | Línea 7748 | ERROR: Número incorrecto de campos. Se esperaban5campos separados por ';'. | Contenido: '8748;Barcelona;2831.87;En_Almacén;EXTRA_CAMPO'
[2026-04-22 13:07:05] | Línea 7762 | ERROR: Destino vacío | Contenido: '8762;;3095.5;Entregado'
[2026-04-22 13:07:05] | Línea 7763 | ERROR: Destino vacío | Contenido: '8763;;712.88;Pendiente'
[2026-04-22 13:07:05] | Línea 7798 | ERROR: Destino vacío | Contenido: '8798;;4689.3;Devuelto'
[2026-04-22 13:07:05] | Línea 7808 | ERROR: Kilos debe ser un número positivo mayor que cero | Contenido: '8808;Cartagena;-741.77;Cancelado'
[2026-04-22 13:07:05] | Línea 7836 | ERROR: Número incorrecto de campos. Se esperaban5campos separados por ';'. | Contenido: '8836;Elche;3843.94;En_Almacén;EXTRA_CAMPO'
[2026-04-22 13:07:05] | Línea 7856 | ERROR: Kilos no es un número válido: '??' | Contenido: '8856;Sevilla;??;En_Ruta'
[2026-04-22 13:07:05] | Línea 7865 | ERROR: Kilos no es un número válido: 'SENSOR_FAIL' | Contenido: '8865;Fuenlabrada;SENSOR_FAIL;Devuelto'
[2026-04-22 13:07:05] | Línea 7871 | ERROR: Kilos debe ser un número positivo mayor que cero | Contenido: '8871;Lugo;-3704.32;Pendiente'
[2026-04-22 13:07:05] | Línea 7873 | ERROR: Kilos no es un número válido: '??' | Contenido: '8873;Granada;??;En_Almacén'
[2026-04-22 13:07:05] | Línea 7908 | ERROR: Kilos debe ser un número positivo mayor que cero | Contenido: '8908;Sevilla;-248.48;Entregado'
[2026-04-22 13:07:05] | Línea 7925 | ERROR: Destino vacío | Contenido: '8925;;1178.04;Retrasado'
[2026-04-22 13:07:05] | Línea 7940 | ERROR: Kilos no es un número válido: 'OVERFLOW' | Contenido: '8940;León;OVERFLOW;Pendiente'
[2026-04-22 13:07:05] | Línea 7945 | ERROR: Kilos no es un número válido: 'SENSOR_FAIL' | Contenido: '8945;Lleida;SENSOR_FAIL;Pendiente'
[2026-04-22 13:07:05] | Línea 7949 | ERROR: Kilos no es un número válido: 'null' | Contenido: '8949;Burgos;null;En_Ruta'
[2026-04-22 13:07:05] | Línea 7959 | ERROR: Kilos debe ser un número positivo mayor que cero | Contenido: '8959;Lugo;-350.28;En_Ruta'
[2026-04-22 13:07:05] | Línea 7960 | ERROR: Número incorrecto de campos. Se esperaban5campos separados por ';'. | Contenido: '8960;Córdoba;4633.15;Retrasado;EXTRA_CAMPO'
[2026-04-22 13:07:05] | Línea 7973 | ERROR: Kilos no es un número válido: 'ERROR_PESO' | Contenido: '8973;Elche;ERROR_PESO;En_Almacén'
[2026-04-22 13:07:05] | Línea 8024 | ERROR: Número incorrecto de campos. Se esperaban5campos separados por ';'. | Contenido: '9024;Valladolid;527.28;En_Almacén;EXTRA_CAMPO'
[2026-04-22 13:07:05] | Línea 8031 | ERROR: Kilos no es un número válido: '??' | Contenido: '9031;Sevilla;??;Devuelto'
[2026-04-22 13:07:05] | Línea 8039 | ERROR: Kilos no es un número válido: 'SENSOR_FAIL' | Contenido: '9039;Tarragona;SENSOR_FAIL;En_Ruta'
[2026-04-22 13:07:05] | Línea 8043 | ERROR: Número incorrecto de campos. Se esperaban5campos separados por ';'. | Contenido: '9043;Pamplona;2062.19;En_Almacén;EXTRA_CAMPO'
[2026-04-22 13:07:05] | Línea 8068 | ERROR: ID de envío vacío | Contenido: ';;3870.35;Pendiente'
[2026-04-22 13:07:05] | Línea 8074 | ERROR: Kilos debe ser un número positivo mayor que cero | Contenido: '9074;Mérida;-1984.81;Devuelto'
[2026-04-22 13:07:05] | Línea 8096 | ERROR: Kilos debe ser un número positivo mayor que cero | Contenido: '9096;Bilbao;-3244.08;Retrasado'
[2026-04-22 13:07:05] | Línea 8098 | ERROR: Destino vacío | Contenido: '9098;;3361.3;Pendiente'
[2026-04-22 13:07:05] | Línea 8099 | ERROR: Número incorrecto de campos. Se esperaban5campos separados por ';'. | Contenido: '9099;Badalona;4592.05;Entregado;EXTRA_CAMPO'
[2026-04-22 13:07:05] | Línea 8102 | ERROR: Kilos no es un número válido: 'null' | Contenido: '9102;Santander;null;En_Almacén'
[2026-04-22 13:07:05] | Línea 8109 | ERROR: Kilos no es un número válido: '??' | Contenido: '9109;Ávila;??;En_Ruta'
[2026-04-22 13:07:05] | Línea 8119 | ERROR: Kilos no es un número válido: '??' | Contenido: '9119;Barcelona;??;Retrasado'
[2026-04-22 13:07:05] | Línea 8126 | ERROR: Destino vacío | Contenido: '9126;;3567.11;En_Almacén'
[2026-04-22 13:07:05] | Línea 8143 | ERROR: Kilos debe ser un número positivo mayor que cero | Contenido: '9143;Cádiz;-4195.13;Retrasado'
[2026-04-22 13:07:05] | Línea 8145 | ERROR: Kilos no es un número válido: 'SENSOR_FAIL' | Contenido: '9145;Logroño;SENSOR_FAIL;Retrasado'
[2026-04-22 13:07:05] | Línea 8152 | ERROR: Kilos debe ser un número positivo mayor que cero | Contenido: '9152;Barcelona;-1865.57;En_Almacén'
[2026-04-22 13:07:05] | Línea 8179 | ERROR: Kilos debe ser un número positivo mayor que cero | Contenido: '9179;Ávila;-3474.03;Devuelto'
[2026-04-22 13:07:05] | Línea 8186 | ERROR: Kilos no es un número válido: '??' | Contenido: '9186;Almería;??;Retrasado'
[2026-04-22 13:07:05] | Línea 8187 | ERROR: Número incorrecto de campos. Se esperaban5campos separados por ';'. | Contenido: '9187;Santander;3723.63;Retrasado;EXTRA_CAMPO'
[2026-04-22 13:07:05] | Línea 8197 | ERROR: Kilos no es un número válido: '---' | Contenido: '9197;Santander;---;Entregado'
[2026-04-22 13:07:05] | Línea 8209 | ERROR: Kilos no es un número válido: '??' | Contenido: '9209;Ourense;??;Devuelto'
[2026-04-22 13:07:05] | Línea 8213 | ERROR: Número incorrecto de campos. Se esperaban5campos separados por ';'. | Contenido: '9213;Lugo;3345.7;Cancelado;EXTRA_CAMPO'
[2026-04-22 13:07:05] | Línea 8225 | ERROR: Destino vacío | Contenido: '9225;;3571.81;Entregado'
[2026-04-22 13:07:05] | Línea 8227 | ERROR: Destino vacío | Contenido: '9227;;2873.27;En_Almacén'
[2026-04-22 13:07:05] | Línea 8252 | ERROR: Kilos no es un número válido: '---' | Contenido: '9252;Almería;---;En_Almacén'
[2026-04-22 13:07:05] | Línea 8258 | ERROR: Número incorrecto de campos. Se esperaban5campos separados por ';'. | Contenido: '9258;Pamplona;4620.99;En_Ruta;EXTRA_CAMPO'
[2026-04-22 13:07:05] | Línea 8259 | ERROR: Kilos debe ser un número positivo mayor que cero | Contenido: '9259;Gijón;-4128.43;Cancelado'
[2026-04-22 13:07:05] | Línea 8261 | ERROR: Kilos no es un número válido: '---' | Contenido: '9261;Fuenlabrada;---;Cancelado'
[2026-04-22 13:07:05] | Línea 8262 | ERROR: Kilos debe ser un número positivo mayor que cero | Contenido: '9262;Barcelona;-257.14;Retrasado'
[2026-04-22 13:07:05] | Línea 8276 | ERROR: Destino vacío | Contenido: '9276;;1724.65;Entregado'
[2026-04-22 13:07:05] | Línea 8287 | ERROR: Kilos no es un número válido: '---' | Contenido: '9287;Valencia;---;Retrasado'
[2026-04-22 13:07:05] | Línea 8288 | ERROR: Kilos debe ser un número positivo mayor que cero | Contenido: '9288;Salamanca;-3506.14;Cancelado'
[2026-04-22 13:07:05] | Línea 8303 | ERROR: Destino vacío | Contenido: '9303;;667.23;Cancelado'
[2026-04-22 13:07:05] | Línea 8324 | ERROR: Kilos no es un número válido: '??' | Contenido: '9324;Hospitalet;??;En_Ruta'
[2026-04-22 13:07:05] | Línea 8327 | ERROR: Kilos no es un número válido: 'OVERFLOW' | Contenido: '9327;Leganés;OVERFLOW;En_Almacén'
[2026-04-22 13:07:05] | Línea 8332 | ERROR: Kilos no es un número válido: 'null' | Contenido: '9332;Badalona;null;En_Almacén'
[2026-04-22 13:07:05] | Línea 8333 | ERROR: ID de envío vacío | Contenido: ';;3765.22;En_Ruta'
[2026-04-22 13:07:05] | Línea 8349 | ERROR: Destino vacío | Contenido: '9349;;182.01;Cancelado'
[2026-04-22 13:07:05] | Línea 8370 | ERROR: Kilos debe ser un número positivo mayor que cero | Contenido: '9370;Santa_Cruz;-1668.61;Devuelto'
[2026-04-22 13:07:05] | Línea 8379 | ERROR: ID de envío vacío | Contenido: ';;2510.75;Pendiente'
[2026-04-22 13:07:05] | Línea 8393 | ERROR: Kilos no es un número válido: '??' | Contenido: '9393;Huelva;??;Pendiente'
[2026-04-22 13:07:05] | Línea 8398 | ERROR: Kilos no es un número válido: 'SENSOR_FAIL' | Contenido: '9398;Segovia;SENSOR_FAIL;En_Almacén'
[2026-04-22 13:07:05] | Línea 8404 | ERROR: Kilos no es un número válido: 'N/A' | Contenido: '9404;Barcelona;N/A;Devuelto'
[2026-04-22 13:07:05] | Línea 8427 | ERROR: Destino vacío | Contenido: '9427;;3223.43;Devuelto'
[2026-04-22 13:07:05] | Línea 8478 | ERROR: Kilos no es un número válido: 'N/A' | Contenido: '9478;Jerez;N/A;Devuelto'
[2026-04-22 13:07:05] | Línea 8491 | ERROR: Kilos no es un número válido: '??' | Contenido: '9491;Alicante;??;Pendiente'
[2026-04-22 13:07:05] | Línea 8527 | ERROR: Destino vacío | Contenido: '9527;;4900.52;Entregado'
[2026-04-22 13:07:05] | Línea 8533 | ERROR: Kilos debe ser un número positivo mayor que cero | Contenido: '9533;Lugo;-350.65;Cancelado'
[2026-04-22 13:07:05] | Línea 8573 | ERROR: Kilos no es un número válido: 'ERROR_PESO' | Contenido: '9573;León;ERROR_PESO;En_Almacén'
[2026-04-22 13:07:05] | Línea 8574 | ERROR: ID de envío vacío | Contenido: ';;4321.01;Retrasado'
[2026-04-22 13:07:05] | Línea 8575 | ERROR: Número incorrecto de campos. Se esperaban5campos separados por ';'. | Contenido: '9575;Lleida;3890.87;Pendiente;EXTRA_CAMPO'
[2026-04-22 13:07:05] | Línea 8576 | ERROR: Destino vacío | Contenido: '9576;;2848.54;Cancelado'
[2026-04-22 13:07:05] | Línea 8580 | ERROR: Kilos no es un número válido: 'ERROR_PESO' | Contenido: '9580;Zaragoza;ERROR_PESO;Pendiente'
[2026-04-22 13:07:05] | Línea 8587 | ERROR: ID de envío vacío | Contenido: ';;1049.02;Entregado'
[2026-04-22 13:07:05] | Línea 8590 | ERROR: Kilos no es un número válido: 'N/A' | Contenido: '9590;Vigo;N/A;Cancelado'
[2026-04-22 13:07:05] | Línea 8611 | ERROR: Kilos no es un número válido: 'N/A' | Contenido: '9611;Sabadell;N/A;En_Almacén'
[2026-04-22 13:07:05] | Línea 8613 | ERROR: Destino vacío | Contenido: '9613;;3560.3;Devuelto'
[2026-04-22 13:07:05] | Línea 8619 | ERROR: Destino vacío | Contenido: '9619;;3542.53;En_Ruta'
[2026-04-22 13:07:05] | Línea 8646 | ERROR: Destino vacío | Contenido: '9646;;3332.67;Cancelado'
[2026-04-22 13:07:05] | Línea 8656 | ERROR: Destino vacío | Contenido: '9656;;1416.26;En_Ruta'
[2026-04-22 13:07:05] | Línea 8659 | ERROR: Destino vacío | Contenido: '9659;;2570.81;Entregado'
[2026-04-22 13:07:05] | Línea 8670 | ERROR: Destino vacío | Contenido: '9670;;1940.45;Retrasado'
[2026-04-22 13:07:05] | Línea 8693 | ERROR: Kilos debe ser un número positivo mayor que cero | Contenido: '9693;Segovia;-1847.4;En_Almacén'
[2026-04-22 13:07:05] | Línea 8702 | ERROR: Kilos no es un número válido: 'ERROR_PESO' | Contenido: '9702;Vigo;ERROR_PESO;En_Ruta'
[2026-04-22 13:07:05] | Línea 8711 | ERROR: Destino vacío | Contenido: '9711;;208.48;Cancelado'
[2026-04-22 13:07:05] | Línea 8712 | ERROR: Kilos no es un número válido: '??' | Contenido: '9712;Mérida;??;Entregado'
[2026-04-22 13:07:05] | Línea 8722 | ERROR: Destino vacío | Contenido: '9722;;3493.99;Entregado'
[2026-04-22 13:07:05] | Línea 8772 | ERROR: ID de envío vacío | Contenido: ';;4566.26;Pendiente'
[2026-04-22 13:07:05] | Línea 8776 | ERROR: Número incorrecto de campos. Se esperaban5campos separados por ';'. | Contenido: '9776;Sevilla;4278.22;Cancelado;EXTRA_CAMPO'
[2026-04-22 13:07:05] | Línea 8790 | ERROR: ID de envío vacío | Contenido: ';;4435.23;En_Ruta'
[2026-04-22 13:07:05] | Línea 8811 | ERROR: Kilos no es un número válido: 'ERROR_PESO' | Contenido: '9811;Alicante;ERROR_PESO;Retrasado'
[2026-04-22 13:07:05] | Línea 8821 | ERROR: Kilos no es un número válido: 'null' | Contenido: '9821;Fuenlabrada;null;Cancelado'
[2026-04-22 13:07:05] | Línea 8822 | ERROR: Kilos debe ser un número positivo mayor que cero | Contenido: '9822;Pamplona;-718.46;Retrasado'
[2026-04-22 13:07:05] | Línea 8829 | ERROR: Destino vacío | Contenido: '9829;;1670.24;Devuelto'
[2026-04-22 13:07:05] | Línea 8842 | ERROR: Kilos no es un número válido: 'ERROR_PESO' | Contenido: '9842;Vigo;ERROR_PESO;Devuelto'
[2026-04-22 13:07:05] | Línea 8845 | ERROR: Kilos no es un número válido: '---' | Contenido: '9845;Pamplona;---;Entregado'
[2026-04-22 13:07:05] | Línea 8847 | ERROR: Kilos no es un número válido: 'OVERFLOW' | Contenido: '9847;Vitoria;OVERFLOW;Devuelto'
[2026-04-22 13:07:05] | Línea 8849 | ERROR: Kilos no es un número válido: 'ERROR_PESO' | Contenido: '9849;Salamanca;ERROR_PESO;Pendiente'
[2026-04-22 13:07:05] | Línea 8854 | ERROR: Destino vacío | Contenido: '9854;;1515.59;Entregado'
[2026-04-22 13:07:05] | Línea 8895 | ERROR: Kilos no es un número válido: 'SENSOR_FAIL' | Contenido: '9895;Sabadell;SENSOR_FAIL;Cancelado'
[2026-04-22 13:07:05] | Línea 8902 | ERROR: ID de envío vacío | Contenido: ';;232.32;Entregado'
[2026-04-22 13:07:05] | Línea 8904 | ERROR: Kilos no es un número válido: 'SENSOR_FAIL' | Contenido: '9904;Salamanca;SENSOR_FAIL;Entregado'
[2026-04-22 13:07:05] | Línea 8928 | ERROR: Destino vacío | Contenido: '9928;;4975.45;En_Almacén'
[2026-04-22 13:07:05] | Línea 8978 | ERROR: Kilos no es un número válido: '---' | Contenido: '9978;Mérida;---;Entregado'
[2026-04-22 13:07:05] | Línea 8986 | ERROR: Número incorrecto de campos. Se esperaban5campos separados por ';'. | Contenido: '9986;Pamplona;4568.95;Entregado;EXTRA_CAMPO'
[2026-04-22 13:07:05] | Línea 8998 | ERROR: Kilos no es un número válido: '??' | Contenido: '9998;Málaga;??;Retrasado'
[2026-04-22 13:07:05] | Línea 9013 | ERROR: ID de envío vacío | Contenido: ';;1833.64;Cancelado'
[2026-04-22 13:07:05] | Línea 9018 | ERROR: Kilos no es un número válido: 'null' | Contenido: '10018;Jaén;null;En_Ruta'
[2026-04-22 13:07:05] | Línea 9031 | ERROR: Kilos no es un número válido: '---' | Contenido: '10031;Logroño;---;Retrasado'
[2026-04-22 13:07:05] | Línea 9032 | ERROR: ID de envío vacío | Contenido: ';;2302.9;Cancelado'
[2026-04-22 13:07:05] | Línea 9037 | ERROR: Número incorrecto de campos. Se esperaban5campos separados por ';'. | Contenido: '10037;Zaragoza;3471.73;En_Almacén;EXTRA_CAMPO'
[2026-04-22 13:07:05] | Línea 9044 | ERROR: Número incorrecto de campos. Se esperaban5campos separados por ';'. | Contenido: '10044;Móstoles;1578.91;En_Ruta;EXTRA_CAMPO'
[2026-04-22 13:07:05] | Línea 9086 | ERROR: Destino vacío | Contenido: '10086;;4349.59;Cancelado'
[2026-04-22 13:07:05] | Línea 9095 | ERROR: Kilos no es un número válido: 'ERROR_PESO' | Contenido: '10095;Ávila;ERROR_PESO;Devuelto'
[2026-04-22 13:07:05] | Línea 9108 | ERROR: Número incorrecto de campos. Se esperaban5campos separados por ';'. | Contenido: '10108;Bilbao;835.02;Pendiente;EXTRA_CAMPO'
[2026-04-22 13:07:05] | Línea 9117 | ERROR: ID de envío vacío | Contenido: ';;2916.85;Cancelado'
[2026-04-22 13:07:05] | Línea 9123 | ERROR: Kilos no es un número válido: 'ERROR_PESO' | Contenido: '10123;Cartagena;ERROR_PESO;Retrasado'
[2026-04-22 13:07:05] | Línea 9150 | ERROR: Kilos no es un número válido: '---' | Contenido: '10150;Palma;---;Retrasado'
[2026-04-22 13:07:05] | Línea 9160 | ERROR: Destino vacío | Contenido: '10160;;494.99;Retrasado'
[2026-04-22 13:07:05] | Línea 9162 | ERROR: Kilos no es un número válido: 'null' | Contenido: '10162;Sevilla;null;En_Ruta'
[2026-04-22 13:07:05] | Línea 9172 | ERROR: Número incorrecto de campos. Se esperaban5campos separados por ';'. | Contenido: '10172;Cartagena;2390.81;Entregado;EXTRA_CAMPO'
[2026-04-22 13:07:05] | Línea 9186 | ERROR: Kilos debe ser un número positivo mayor que cero | Contenido: '10186;Fuenlabrada;-4314.27;Devuelto'
[2026-04-22 13:07:05] | Línea 9204 | ERROR: Número incorrecto de campos. Se esperaban5campos separados por ';'. | Contenido: '10204;Barcelona;809.76;Retrasado;EXTRA_CAMPO'
[2026-04-22 13:07:05] | Línea 9245 | ERROR: ID de envío vacío | Contenido: ';;4549.56;Devuelto'
[2026-04-22 13:07:05] | Línea 9268 | ERROR: Kilos no es un número válido: '??' | Contenido: '10268;Vigo;??;En_Almacén'
[2026-04-22 13:07:05] | Línea 9275 | ERROR: Kilos no es un número válido: 'N/A' | Contenido: '10275;Badalona;N/A;En_Almacén'
[2026-04-22 13:07:05] | Línea 9284 | ERROR: Destino vacío | Contenido: '10284;;195.29;Retrasado'
[2026-04-22 13:07:05] | Línea 9298 | ERROR: Destino vacío | Contenido: '10298;;2525.09;Entregado'
[2026-04-22 13:07:05] | Línea 9301 | ERROR: Destino vacío | Contenido: '10301;;4234.21;En_Ruta'
[2026-04-22 13:07:05] | Línea 9309 | ERROR: Kilos debe ser un número positivo mayor que cero | Contenido: '10309;Huelva;-3253.13;Pendiente'
[2026-04-22 13:07:05] | Línea 9311 | ERROR: Destino vacío | Contenido: '10311;;2680.28;Cancelado'
[2026-04-22 13:07:05] | Línea 9318 | ERROR: Kilos no es un número válido: 'OVERFLOW' | Contenido: '10318;Barcelona;OVERFLOW;Pendiente'
[2026-04-22 13:07:05] | Línea 9329 | ERROR: ID de envío vacío | Contenido: ';;2151.4;En_Ruta'
[2026-04-22 13:07:05] | Línea 9341 | ERROR: Destino vacío | Contenido: '10341;;707.61;Entregado'
[2026-04-22 13:07:05] | Línea 9344 | ERROR: Destino vacío | Contenido: '10344;;2618.62;Entregado'
[2026-04-22 13:07:05] | Línea 9348 | ERROR: Kilos no es un número válido: 'N/A' | Contenido: '10348;Badajoz;N/A;Devuelto'
[2026-04-22 13:07:05] | Línea 9375 | ERROR: Kilos no es un número válido: 'N/A' | Contenido: '10375;Albacete;N/A;Cancelado'
[2026-04-22 13:07:05] | Línea 9378 | ERROR: Destino vacío | Contenido: '10378;;1575.2;Pendiente'
[2026-04-22 13:07:05] | Línea 9382 | ERROR: Kilos no es un número válido: '??' | Contenido: '10382;Salamanca;??;En_Almacén'
[2026-04-22 13:07:05] | Línea 9386 | ERROR: Número incorrecto de campos. Se esperaban5campos separados por ';'. | Contenido: '10386;Almería;3254.85;Cancelado;EXTRA_CAMPO'
[2026-04-22 13:07:05] | Línea 9389 | ERROR: ID de envío vacío | Contenido: ';;1049.52;En_Ruta'
[2026-04-22 13:07:05] | Línea 9405 | ERROR: Destino vacío | Contenido: '10405;;1447.15;Retrasado'
[2026-04-22 13:07:05] | Línea 9408 | ERROR: Número incorrecto de campos. Se esperaban5campos separados por ';'. | Contenido: '10408;Móstoles;91.94;En_Almacén;EXTRA_CAMPO'
[2026-04-22 13:07:05] | Línea 9424 | ERROR: Kilos debe ser un número positivo mayor que cero | Contenido: '10424;Murcia;-890.75;En_Ruta'
[2026-04-22 13:07:05] | Línea 9447 | ERROR: Kilos debe ser un número positivo mayor que cero | Contenido: '10447;Almería;-4844.82;Devuelto'
[2026-04-22 13:07:05] | Línea 9519 | ERROR: Kilos no es un número válido: '??' | Contenido: '10519;Leganés;??;Pendiente'
[2026-04-22 13:07:05] | Línea 9533 | ERROR: Kilos no es un número válido: 'SENSOR_FAIL' | Contenido: '10533;Las_Palmas;SENSOR_FAIL;Pendiente'
[2026-04-22 13:07:05] | Línea 9553 | ERROR: Destino vacío | Contenido: '10553;;504.0;En_Almacén'
[2026-04-22 13:07:05] | Línea 9554 | ERROR: Número incorrecto de campos. Se esperaban5campos separados por ';'. | Contenido: '10554;Murcia;2955.65;En_Almacén;EXTRA_CAMPO'
[2026-04-22 13:07:05] | Línea 9585 | ERROR: Kilos debe ser un número positivo mayor que cero | Contenido: '10585;Toledo;-1128.99;En_Almacén'
[2026-04-22 13:07:05] | Línea 9588 | ERROR: Kilos debe ser un número positivo mayor que cero | Contenido: '10588;Pamplona;-4132.62;En_Ruta'
[2026-04-22 13:07:05] | Línea 9613 | ERROR: Kilos no es un número válido: 'null' | Contenido: '10613;Valencia;null;En_Almacén'
[2026-04-22 13:07:05] | Línea 9629 | ERROR: Número incorrecto de campos. Se esperaban5campos separados por ';'. | Contenido: '10629;Jerez;330.98;En_Almacén;EXTRA_CAMPO'
[2026-04-22 13:07:05] | Línea 9641 | ERROR: ID de envío vacío | Contenido: ';;3810.84;Retrasado'
[2026-04-22 13:07:05] | Línea 9655 | ERROR: Destino vacío | Contenido: '10655;;1970.18;Retrasado'
[2026-04-22 13:07:05] | Línea 9673 | ERROR: Destino vacío | Contenido: '10673;;2463.83;Pendiente'
[2026-04-22 13:07:05] | Línea 9677 | ERROR: Kilos no es un número válido: '---' | Contenido: '10677;Móstoles;---;En_Almacén'
[2026-04-22 13:07:05] | Línea 9684 | ERROR: Kilos no es un número válido: 'N/A' | Contenido: '10684;Fuenlabrada;N/A;Cancelado'
[2026-04-22 13:07:05] | Línea 9687 | ERROR: Kilos no es un número válido: 'N/A' | Contenido: '10687;Gijón;N/A;En_Almacén'
[2026-04-22 13:07:05] | Línea 9688 | ERROR: Kilos no es un número válido: '??' | Contenido: '10688;Burgos;??;Entregado'
[2026-04-22 13:07:05] | Línea 9691 | ERROR: ID de envío vacío | Contenido: ';;2360.59;Cancelado'
[2026-04-22 13:07:05] | Línea 9706 | ERROR: Destino vacío | Contenido: '10706;;3938.8;En_Ruta'
[2026-04-22 13:07:05] | Línea 9708 | ERROR: Kilos no es un número válido: 'ERROR_PESO' | Contenido: '10708;Logroño;ERROR_PESO;Entregado'
[2026-04-22 13:07:05] | Línea 9721 | ERROR: Número incorrecto de campos. Se esperaban5campos separados por ';'. | Contenido: '10721;Badajoz;878.99;Pendiente;EXTRA_CAMPO'
[2026-04-22 13:07:05] | Línea 9726 | ERROR: Número incorrecto de campos. Se esperaban5campos separados por ';'. | Contenido: '10726;Bilbao;4622.25;Entregado;EXTRA_CAMPO'
[2026-04-22 13:07:05] | Línea 9727 | ERROR: Kilos no es un número válido: '??' | Contenido: '10727;Hospitalet;??;Pendiente'
[2026-04-22 13:07:05] | Línea 9739 | ERROR: Kilos no es un número válido: 'OVERFLOW' | Contenido: '10739;Gijón;OVERFLOW;Cancelado'
[2026-04-22 13:07:05] | Línea 9740 | ERROR: Destino vacío | Contenido: '10740;;3021.31;Entregado'
[2026-04-22 13:07:05] | Línea 9741 | ERROR: Kilos debe ser un número positivo mayor que cero | Contenido: '10741;Badalona;-1880.4;Retrasado'
[2026-04-22 13:07:05] | Línea 9743 | ERROR: Kilos no es un número válido: 'OVERFLOW' | Contenido: '10743;Valladolid;OVERFLOW;Devuelto'
[2026-04-22 13:07:05] | Línea 9764 | ERROR: Kilos no es un número válido: 'ERROR_PESO' | Contenido: '10764;Cuenca;ERROR_PESO;Devuelto'
[2026-04-22 13:07:05] | Línea 9766 | ERROR: Número incorrecto de campos. Se esperaban5campos separados por ';'. | Contenido: '10766;Hospitalet;2611.97;En_Almacén;EXTRA_CAMPO'
[2026-04-22 13:07:05] | Línea 9779 | ERROR: ID de envío vacío | Contenido: ';;1193.92;Devuelto'
[2026-04-22 13:07:05] | Línea 9788 | ERROR: Destino vacío | Contenido: '10788;;1147.51;Cancelado'
[2026-04-22 13:07:05] | Línea 9790 | ERROR: Destino vacío | Contenido: '10790;;2556.22;Cancelado'
[2026-04-22 13:07:05] | Línea 9799 | ERROR: Número incorrecto de campos. Se esperaban5campos separados por ';'. | Contenido: '10799;Barcelona;3048.21;Pendiente;EXTRA_CAMPO'
[2026-04-22 13:07:05] | Línea 9816 | ERROR: Kilos debe ser un número positivo mayor que cero | Contenido: '10816;Badajoz;-1501.19;En_Almacén'
[2026-04-22 13:07:05] | Línea 9845 | ERROR: Destino vacío | Contenido: '10845;;664.07;Retrasado'
[2026-04-22 13:07:05] | Línea 9850 | ERROR: ID de envío vacío | Contenido: ';;4117.59;Devuelto'
[2026-04-22 13:07:05] | Línea 9851 | ERROR: Número incorrecto de campos. Se esperaban5campos separados por ';'. | Contenido: '10851;Granada;118.63;Retrasado;EXTRA_CAMPO'
[2026-04-22 13:07:05] | Línea 9867 | ERROR: Kilos no es un número válido: 'SENSOR_FAIL' | Contenido: '10867;León;SENSOR_FAIL;Cancelado'
[2026-04-22 13:07:05] | Línea 9893 | ERROR: Kilos no es un número válido: 'OVERFLOW' | Contenido: '10893;Logroño;OVERFLOW;Cancelado'
[2026-04-22 13:07:05] | Línea 9897 | ERROR: Destino vacío | Contenido: '10897;;2491.26;Devuelto'
[2026-04-22 13:07:05] | Línea 9905 | ERROR: Kilos no es un número válido: 'SENSOR_FAIL' | Contenido: '10905;Valladolid;SENSOR_FAIL;Pendiente'
[2026-04-22 13:07:05] | Línea 9934 | ERROR: Kilos no es un número válido: 'ERROR_PESO' | Contenido: '10934;Logroño;ERROR_PESO;En_Almacén'
[2026-04-22 13:07:05] | Línea 9939 | ERROR: Kilos debe ser un número positivo mayor que cero | Contenido: '10939;Terrassa;-1379.25;Pendiente'
[2026-04-22 13:07:05] | Línea 9944 | ERROR: ID de envío vacío | Contenido: ';;1663.61;En_Ruta'
[2026-04-22 13:07:05] | Línea 9970 | ERROR: Kilos no es un número válido: 'N/A' | Contenido: '10970;Fuenlabrada;N/A;Pendiente'
=================================================
--- Procesamiento finalizado: 2026-04-22 13:07:05 ---
Total líneas procesadas: 10000
Líneas válidas: 9209
Líneas inválidas: 791
Total kilos procesados: 2.2901124660000023E7
=================================================
